Component: ARM Compiler 5.06 update 6 (build 750) Tool: armlink [4d35ed]

==============================================================================

Section Cross References

    startup_stm32f40_41xxx.o(STACK) refers (Special) to heapauxi.o(.text) for __use_two_region_memory
    startup_stm32f40_41xxx.o(HEAP) refers (Special) to heapauxi.o(.text) for __use_two_region_memory
    startup_stm32f40_41xxx.o(RESET) refers (Special) to heapauxi.o(.text) for __use_two_region_memory
    startup_stm32f40_41xxx.o(RESET) refers to startup_stm32f40_41xxx.o(STACK) for __initial_sp
    startup_stm32f40_41xxx.o(RESET) refers to startup_stm32f40_41xxx.o(.text) for Reset_Handler
    startup_stm32f40_41xxx.o(RESET) refers to system_timetick.o(i.NMI_Handler) for NMI_Handler
    startup_stm32f40_41xxx.o(RESET) refers to system_timetick.o(i.HardFault_Handler) for HardFault_Handler
    startup_stm32f40_41xxx.o(RESET) refers to system_timetick.o(i.MemManage_Handler) for MemManage_Handler
    startup_stm32f40_41xxx.o(RESET) refers to system_timetick.o(i.BusFault_Handler) for BusFault_Handler
    startup_stm32f40_41xxx.o(RESET) refers to system_timetick.o(i.UsageFault_Handler) for UsageFault_Handler
    startup_stm32f40_41xxx.o(RESET) refers to system_timetick.o(i.SVC_Handler) for SVC_Handler
    startup_stm32f40_41xxx.o(RESET) refers to system_timetick.o(i.DebugMon_Handler) for DebugMon_Handler
    startup_stm32f40_41xxx.o(RESET) refers to system_timetick.o(i.PendSV_Handler) for PendSV_Handler
    startup_stm32f40_41xxx.o(RESET) refers to system_timetick.o(i.SysTick_Handler) for SysTick_Handler
    startup_stm32f40_41xxx.o(RESET) refers to main_official.o(i.DMA1_Stream2_IRQHandler) for DMA1_Stream2_IRQHandler
    startup_stm32f40_41xxx.o(RESET) refers to main_official.o(i.TIM7_IRQHandler) for TIM7_IRQHandler
    startup_stm32f40_41xxx.o(.text) refers (Special) to heapauxi.o(.text) for __use_two_region_memory
    startup_stm32f40_41xxx.o(.text) refers to system_stm32f4xx.o(i.SystemInit) for SystemInit
    startup_stm32f40_41xxx.o(.text) refers to __main.o(!!!main) for __main
    startup_stm32f40_41xxx.o(.text) refers to startup_stm32f40_41xxx.o(HEAP) for Heap_Mem
    startup_stm32f40_41xxx.o(.text) refers to startup_stm32f40_41xxx.o(STACK) for Stack_Mem
    system_stm32f4xx.o(i.SystemCoreClockUpdate) refers to system_stm32f4xx.o(.data) for SystemCoreClock
    system_stm32f4xx.o(i.SystemInit) refers to system_stm32f4xx.o(i.SetSysClock) for SetSysClock
    system_timetick.o(i.SysTick_Handler) refers to system_timetick.o(.data) for tick_flag
    main_official.o(i.DMA1_Stream2_IRQHandler) refers to stm32f4xx_dma.o(i.DMA_ClearITPendingBit) for DMA_ClearITPendingBit
    main_official.o(i.DMA1_Stream2_IRQHandler) refers to main_official.o(i.SELEC_dataConvert) for SELEC_dataConvert
    main_official.o(i.DMA1_Stream2_IRQHandler) refers to stm32f4xx_dma.o(i.DMA_Cmd) for DMA_Cmd
    main_official.o(i.DMA1_Stream2_IRQHandler) refers to main_official.o(.bss) for rxbuff_3
    main_official.o(i.E_Read) refers to main_official.o(i.i2c_start) for i2c_start
    main_official.o(i.E_Read) refers to main_official.o(i.i2c_sendaddress) for i2c_sendaddress
    main_official.o(i.E_Read) refers to main_official.o(i.I2C_Read) for I2C_Read
    main_official.o(i.E_Read) refers to main_official.o(i.I2C_Stop) for I2C_Stop
    main_official.o(i.E_Write) refers to main_official.o(i.i2c_start) for i2c_start
    main_official.o(i.E_Write) refers to main_official.o(i.i2c_sendaddress) for i2c_sendaddress
    main_official.o(i.E_Write) refers to main_official.o(i.i2c_write) for i2c_write
    main_official.o(i.E_Write) refers to main_official.o(i.I2C_Stop) for I2C_Stop
    main_official.o(i.TIM7_IRQHandler) refers to stm32f4xx_tim.o(i.TIM_ClearFlag) for TIM_ClearFlag
    main_official.o(i.TIM7_IRQHandler) refers to stm32f4xx_gpio.o(i.GPIO_ToggleBits) for GPIO_ToggleBits
    main_official.o(i.TIM7_IRQHandler) refers to main_official.o(i.get_mess_from_rx) for get_mess_from_rx
    main_official.o(i.TIM7_IRQHandler) refers to calloc.o(.text) for calloc
    main_official.o(i.TIM7_IRQHandler) refers to main_official.o(i.print_f) for print_f
    main_official.o(i.TIM7_IRQHandler) refers to h1_free.o(.text) for free
    main_official.o(i.TIM7_IRQHandler) refers to main_official.o(.bss) for rxbuff
    main_official.o(i.__io_putchar) refers to stm32f4xx_usart.o(i.USART_SendData) for USART_SendData
    main_official.o(i.__io_putchar) refers to stm32f4xx_usart.o(i.USART_GetFlagStatus) for USART_GetFlagStatus
    main_official.o(i.delay_01ms) refers to stm32f4xx_rcc.o(i.RCC_APB1PeriphClockCmd) for RCC_APB1PeriphClockCmd
    main_official.o(i.get_mess_from_rx) refers to stm32f4xx_dma.o(i.DMA_Cmd) for DMA_Cmd
    main_official.o(i.get_mess_from_rx) refers to stm32f4xx_dma.o(i.DMA_ClearFlag) for DMA_ClearFlag
    main_official.o(i.get_mess_from_rx) refers to main_official.o(.data) for pre_NDTR
[...]
    Removing stm32f4xx_i2c.o(.revsh_text), (4 bytes).
    Removing stm32f4xx_i2c.o(.rrx_text), (6 bytes).
    Removing stm32f4xx_i2c.o(i.I2C_ARPCmd), (24 bytes).
    Removing stm32f4xx_i2c.o(i.I2C_AcknowledgeConfig), (24 bytes).
    Removing stm32f4xx_i2c.o(i.I2C_AnalogFilterCmd), (24 bytes).
    Removing stm32f4xx_i2c.o(i.I2C_CalculatePEC), (24 bytes).
    Removing stm32f4xx_i2c.o(i.I2C_CheckEvent), (42 bytes).
    Removing stm32f4xx_i2c.o(i.I2C_ClearFlag), (12 bytes).
    Removing stm32f4xx_i2c.o(i.I2C_ClearITPendingBit), (12 bytes).
    Removing stm32f4xx_i2c.o(i.I2C_DMACmd), (24 bytes).
    Removing stm32f4xx_i2c.o(i.I2C_DMALastTransferCmd), (24 bytes).
    Removing stm32f4xx_i2c.o(i.I2C_DeInit), (96 bytes).
    Removing stm32f4xx_i2c.o(i.I2C_DigitalFilterConfig), (22 bytes).
    Removing stm32f4xx_i2c.o(i.I2C_DualAddressCmd), (24 bytes).
    Removing stm32f4xx_i2c.o(i.I2C_FastModeDutyCycleConfig), (28 bytes).
    Removing stm32f4xx_i2c.o(i.I2C_GeneralCallCmd), (24 bytes).
    Removing stm32f4xx_i2c.o(i.I2C_GenerateSTART), (24 bytes).
    Removing stm32f4xx_i2c.o(i.I2C_GenerateSTOP), (24 bytes).
    Removing stm32f4xx_i2c.o(i.I2C_GetFlagStatus), (58 bytes).
    Removing stm32f4xx_i2c.o(i.I2C_GetITStatus), (38 bytes).
    Removing stm32f4xx_i2c.o(i.I2C_GetLastEvent), (26 bytes).
    Removing stm32f4xx_i2c.o(i.I2C_GetPEC), (8 bytes).
    Removing stm32f4xx_i2c.o(i.I2C_ITConfig), (18 bytes).
    Removing stm32f4xx_i2c.o(i.I2C_NACKPositionConfig), (28 bytes).
    Removing stm32f4xx_i2c.o(i.I2C_OwnAddress2Config), (22 bytes).
    Removing stm32f4xx_i2c.o(i.I2C_PECPositionConfig), (28 bytes).
    Removing stm32f4xx_i2c.o(i.I2C_ReadRegister), (22 bytes).
    Removing stm32f4xx_i2c.o(i.I2C_ReceiveData), (8 bytes).
    Removing stm32f4xx_i2c.o(i.I2C_SMBusAlertConfig), (28 bytes).
    Removing stm32f4xx_i2c.o(i.I2C_Send7bitAddress), (16 bytes).
    Removing stm32f4xx_i2c.o(i.I2C_SendData), (4 bytes).
    Removing stm32f4xx_i2c.o(i.I2C_SoftwareResetCmd), (22 bytes).
    Removing stm32f4xx_i2c.o(i.I2C_StretchClockCmd), (24 bytes).
    Removing stm32f4xx_i2c.o(i.I2C_StructInit), (30 bytes).
    Removing stm32f4xx_i2c.o(i.I2C_TransmitPEC), (24 bytes).

365 unused section(s) (total 13134 bytes) removed from the image.

==============================================================================

Image Symbol Table

    Local Symbols

    Symbol Name                              Value     Ov Type        Size  Object(Section)

    ../clib/angel/boardlib.s                 0x00000000   Number         0  boardinit2.o ABSOLUTE
    ../clib/angel/boardlib.s                 0x00000000   Number         0  boardinit1.o ABSOLUTE
    ../clib/angel/boardlib.s                 0x00000000   Number         0  boardshut.o ABSOLUTE
    ../clib/angel/boardlib.s                 0x00000000   Number         0  boardinit3.o ABSOLUTE
    ../clib/angel/handlers.s                 0x00000000   Number         0  __scatter_copy.o ABSOLUTE
    ../clib/angel/handlers.s                 0x00000000   Number         0  __scatter_zi.o ABSOLUTE
    ../clib/angel/kernel.s                   0x00000000   Number         0  __rtentry4.o ABSOLUTE
    ../clib/angel/kernel.s                   0x00000000   Number         0  rtexit.o ABSOLUTE
    ../clib/angel/kernel.s                   0x00000000   Number         0  rtexit2.o ABSOLUTE
    ../clib/angel/kernel.s                   0x00000000   Number         0  __rtentry2.o ABSOLUTE
    ../clib/angel/kernel.s                   0x00000000   Number         0  __rtentry.o ABSOLUTE
    ../clib/angel/rt.s                       0x00000000   Number         0  rt_errno_addr.o ABSOLUTE
    ../clib/angel/rt.s                       0x00000000   Number         0  rt_heap_descriptor.o ABSOLUTE
    ../clib/angel/rt.s                       0x00000000   Number         0  rt_heap_descriptor_intlibspace.o ABSOLUTE
    ../clib/angel/rt.s                       0x00000000   Number         0  rt_raise.o ABSOLUTE
    ../clib/angel/rt.s                       0x00000000   Number         0  rt_errno_addr_intlibspace.o ABSOLUTE
    ../clib/angel/scatter.s                  0x00000000   Number         0  __scatter.o ABSOLUTE
    ../clib/angel/startup.s                  0x00000000   Number         0  __main.o ABSOLUTE
    ../clib/angel/sys.s                      0x00000000   Number         0  sys_stackheap_outer.o ABSOLUTE
    ../clib/angel/sys.s                      0x00000000   Number         0  mutex_dummy.o ABSOLUTE
    ../clib/angel/sys.s                      0x00000000   Number         0  libspace.o ABSOLUTE
    ../clib/angel/sys.s                      0x00000000   Number         0  use_no_semi.o ABSOLUTE
    ../clib/angel/sys.s                      0x00000000   Number         0  indicate_semi.o ABSOLUTE
    ../clib/angel/sysapp.c                   0x00000000   Number         0  sys_io.o ABSOLUTE
    ../clib/angel/sysapp.c                   0x00000000   Number         0  sys_command.o ABSOLUTE
    ../clib/angel/sysapp.c                   0x00000000   Number         0  sys_wrch.o ABSOLUTE
    ../clib/angel/sysapp.c                   0x00000000   Number         0  sys_exit.o ABSOLUTE
    ../clib/armsys.c                         0x00000000   Number         0  no_argv.o ABSOLUTE
    ../clib/armsys.c                         0x00000000   Number         0  argv_veneer.o ABSOLUTE
    ../clib/armsys.c                         0x00000000   Number         0  argv_veneer.o ABSOLUTE
    ../clib/armsys.c                         0x00000000   Number         0  _get_argv_nomalloc.o ABSOLUTE
    ../clib/armsys.c                         0x00000000   Number         0  _get_argv.o ABSOLUTE
    ../clib/assert.c                         0x00000000   Number         0  assert_stdio.o ABSOLUTE
    ../clib/heap1.c                          0x00000000   Number         0  h1_extend.o ABSOLUTE
    ../clib/heap1.c                          0x00000000   Number         0  h1_init_mt.o ABSOLUTE
    ../clib/heap1.c                          0x00000000   Number         0  h1_free.o ABSOLUTE
    ../clib/heap1.c                          0x00000000   Number         0  h1_free_mt.o ABSOLUTE
    ../clib/heap1.c                          0x00000000   Number         0  h1_extend_mt.o ABSOLUTE
    ../clib/heap1.c                          0x00000000   Number         0  h1_final_mt.o ABSOLUTE
    ../clib/heap1.c                          0x00000000   Number         0  h1_final.o ABSOLUTE
    ../clib/heap1.c                          0x00000000   Number         0  h1_alloc.o ABSOLUTE
    ../clib/heap1.c                          0x00000000   Number         0  h1_alloc_mt.o ABSOLUTE
    ../clib/heap1.c                          0x00000000   Number         0  h1_init.o ABSOLUTE
    ../clib/heap2.c                          0x00000000   Number         0  fdtree.o ABSOLUTE
    ../clib/heap2.c                          0x00000000   Number         0  heap2mt.o ABSOLUTE
    ../clib/heap2.c                          0x00000000   Number         0  heap2.o ABSOLUTE
    ../clib/heapalloc.c                      0x00000000   Number         0  malloc.o ABSOLUTE
    ../clib/heapalloc.c                      0x00000000   Number         0  heapstubs.o ABSOLUTE
    ../clib/heapalloc.c                      0x00000000   Number         0  hguard.o ABSOLUTE
    ../clib/heapalloc.c                      0x00000000   Number         0  calloc.o ABSOLUTE
    ../clib/heapalloc.c                      0x00000000   Number         0  free.o ABSOLUTE
    ../clib/heapalloc.c                      0x00000000   Number         0  term_alloc.o ABSOLUTE
    ../clib/heapalloc.c                      0x00000000   Number         0  hrguard.o ABSOLUTE
    ../clib/heapalloc.c                      0x00000000   Number         0  maybetermalloc2.o ABSOLUTE
    ../clib/heapalloc.c                      0x00000000   Number         0  maybetermalloc2.o ABSOLUTE
    ../clib/heapalloc.c                      0x00000000   Number         0  maybetermalloc1.o ABSOLUTE
    ../clib/heapalloc.c                      0x00000000   Number         0  init_alloc.o ABSOLUTE
    ../clib/heapalloc.c                      0x00000000   Number         0  maybetermalloc1.o ABSOLUTE
    ../clib/heapaux.c                        0x00000000   Number         0  heapauxi.o ABSOLUTE
    ../clib/heapaux.c                        0x00000000   Number         0  heapauxa.o ABSOLUTE
    ../clib/libinit.s                        0x00000000   Number         0  libshutdown2.o ABSOLUTE
    ../clib/libinit.s                        0x00000000   Number         0  libinit.o ABSOLUTE
    ../clib/libinit.s                        0x00000000   Number         0  libshutdown.o ABSOLUTE
    ../clib/libinit.s                        0x00000000   Number         0  libinit2.o ABSOLUTE
    ../clib/memcpset.s                       0x00000000   Number         0  rt_memcpy_w.o ABSOLUTE
    ../clib/memcpset.s                       0x00000000   Number         0  rt_memclr.o ABSOLUTE
    ../clib/memcpset.s                       0x00000000   Number         0  rt_memcpy_v6.o ABSOLUTE
    ../clib/memcpset.s                       0x00000000   Number         0  rt_memclr_w.o ABSOLUTE
    ../clib/printf.c                         0x00000000   Number         0  _printf_char_file_locked.o ABSOLUTE
    ../clib/printf.c                         0x00000000   Number         0  _printf_char_common.o ABSOLUTE
    ../clib/printf.c                         0x00000000   Number         0  _printf_char_file.o ABSOLUTE
    ../clib/printf.c                         0x00000000   Number         0  noretval__2printf.o ABSOLUTE
    ../clib/printf.c                         0x00000000   Number         0  __2printf.o ABSOLUTE
    ../clib/printf.c                         0x00000000   Number         0  __printf_nopercent.o ABSOLUTE
    ../clib/signal.c                         0x00000000   Number         0  defsig_cppl_inner.o ABSOLUTE
    ../clib/signal.c                         0x00000000   Number         0  defsig_segv_inner.o ABSOLUTE
    ../clib/signal.c                         0x00000000   Number         0  defsig_other.o ABSOLUTE
    ../clib/signal.c                         0x00000000   Number         0  defsig_rtred_inner.o ABSOLUTE
    ../clib/signal.c                         0x00000000   Number         0  defsig_rtmem_outer.o ABSOLUTE
    ../clib/signal.c                         0x00000000   Number         0  defsig_rtmem_formal.o ABSOLUTE
    ../clib/signal.c                         0x00000000   Number         0  defsig_exit.o ABSOLUTE
    ../clib/signal.c                         0x00000000   Number         0  defsig_rtred_outer.o ABSOLUTE
    ../clib/signal.c                         0x00000000   Number         0  defsig_rtred_formal.o ABSOLUTE
    ../clib/signal.c                         0x00000000   Number         0  defsig_rtmem_inner.o ABSOLUTE
    ../clib/signal.c                         0x00000000   Number         0  __raise.o ABSOLUTE
    ../clib/signal.c                         0x00000000   Number         0  defsig_general.o ABSOLUTE
    ../clib/signal.c                         0x00000000   Number         0  defsig_abrt_inner.o ABSOLUTE
    ../clib/signal.c                         0x00000000   Number         0  defsig_fpe_inner.o ABSOLUTE
    ../clib/signal.c                         0x00000000   Number         0  defsig_stak_inner.o ABSOLUTE
    ../clib/signal.c                         0x00000000   Number         0  defsig_pvfn_inner.o ABSOLUTE
    ../clib/signal.s                         0x00000000   Number         0  defsig.o ABSOLUTE
    ../clib/stdio.c                          0x00000000   Number         0  setvbuf.o ABSOLUTE
    ../clib/stdio.c                          0x00000000   Number         0  flsbuf.o ABSOLUTE
    ../clib/stdio.c                          0x00000000   Number         0  fputc.o ABSOLUTE
    ../clib/stdio.c                          0x00000000   Number         0  initio.o ABSOLUTE
    ../clib/stdio.c                          0x00000000   Number         0  fwritefast_locked.o ABSOLUTE
    ../clib/stdio.c                          0x00000000   Number         0  fwritefast.o ABSOLUTE
    ../clib/stdio.c                          0x00000000   Number         0  ftell.o ABSOLUTE
    ../clib/stdio.c                          0x00000000   Number         0  stdio.o ABSOLUTE
    ../clib/stdio.c                          0x00000000   Number         0  streamlock.o ABSOLUTE
    ../clib/stdio.c                          0x00000000   Number         0  fopen.o ABSOLUTE
    ../clib/stdio.c                          0x00000000   Number         0  fclose.o ABSOLUTE
    ../clib/stdio.c                          0x00000000   Number         0  setvbuf_locked.o ABSOLUTE
    ../clib/stdio.c                          0x00000000   Number         0  fseek.o ABSOLUTE
    ../clib/stdio.c                          0x00000000   Number         0  ferror.o ABSOLUTE
    ../clib/stdio.c                          0x00000000   Number         0  stdio_streams.o ABSOLUTE
    ../clib/stdio.c                          0x00000000   Number         0  fopen_locked.o ABSOLUTE
    ../clib/stdio.c                          0x00000000   Number         0  fflush.o ABSOLUTE
    ../clib/stdio.c                          0x00000000   Number         0  initio_locked.o ABSOLUTE
    ../clib/stdio.c                          0x00000000   Number         0  ferror_locked.o ABSOLUTE
    ../clib/stdio.c                          0x00000000   Number         0  fputc_locked.o ABSOLUTE
    ../clib/stdio.c                          0x00000000   Number         0  fputs.o ABSOLUTE
    ../clib/stdio.c                          0x00000000   Number         0  fflush_locked.o ABSOLUTE
    ../clib/stdio.c                          0x00000000   Number         0  fputs_locked.o ABSOLUTE
    ../clib/stdlib.c                         0x00000000   Number         0  exit.o ABSOLUTE
    ../clib/string.c                         0x00000000   Number         0  strlen.o ABSOLUTE
    ../clib/wchar.c                          0x00000000   Number         0  flsbuf_fwide.o ABSOLUTE
    ../fplib/fpinit.s                        0x00000000   Number         0  fpinit.o ABSOLUTE
    STM32F4xx_StdPeriph_Driver\\src\\misc.c  0x00000000   Number         0  misc.o ABSOLUTE
    STM32F4xx_StdPeriph_Driver\\src\\stm32f4xx_dma.c 0x00000000   Number         0  stm32f4xx_dma.o ABSOLUTE
    STM32F4xx_StdPeriph_Driver\\src\\stm32f4xx_dma2d.c 0x00000000   Number         0  stm32f4xx_dma2d.o ABSOLUTE
    STM32F4xx_StdPeriph_Driver\\src\\stm32f4xx_exti.c 0x00000000   Number         0  stm32f4xx_exti.o ABSOLUTE
    STM32F4xx_StdPeriph_Driver\\src\\stm32f4xx_gpio.c 0x00000000   Number         0  stm32f4xx_gpio.o ABSOLUTE
    STM32F4xx_StdPeriph_Driver\\src\\stm32f4xx_i2c.c 0x00000000   Number         0  stm32f4xx_i2c.o ABSOLUTE
    STM32F4xx_StdPeriph_Driver\\src\\stm32f4xx_rcc.c 0x00000000   Number         0  stm32f4xx_rcc.o ABSOLUTE
    STM32F4xx_StdPeriph_Driver\\src\\stm32f4xx_rtc.c 0x00000000   Number         0  stm32f4xx_rtc.o ABSOLUTE
    STM32F4xx_StdPeriph_Driver\\src\\stm32f4xx_syscfg.c 0x00000000   Number         0  stm32f4xx_syscfg.o ABSOLUTE
    STM32F4xx_StdPeriph_Driver\\src\\stm32f4xx_tim.c 0x00000000   Number         0  stm32f4xx_tim.o ABSOLUTE
    STM32F4xx_StdPeriph_Driver\\src\\stm32f4xx_usart.c 0x00000000   Number         0  stm32f4xx_usart.o ABSOLUTE
    STM32F4xx_StdPeriph_Driver\src\misc.c    0x00000000   Number         0  misc.o ABSOLUTE
    STM32F4xx_StdPeriph_Driver\src\stm32f4xx_dma.c 0x00000000   Number         0  stm32f4xx_dma.o ABSOLUTE
    STM32F4xx_StdPeriph_Driver\src\stm32f4xx_dma2d.c 0x00000000   Number         0  stm32f4xx_dma2d.o ABSOLUTE
    STM32F4xx_StdPeriph_Driver\src\stm32f4xx_exti.c 0x00000000   Number         0  stm32f4xx_exti.o ABSOLUTE
    STM32F4xx_StdPeriph_Driver\src\stm32f4xx_gpio.c 0x00000000   Number         0  stm32f4xx_gpio.o ABSOLUTE
    STM32F4xx_StdPeriph_Driver\src\stm32f4xx_i2c.c 0x00000000   Number         0  stm32f4xx_i2c.o ABSOLUTE
    STM32F4xx_StdPeriph_Driver\src\stm32f4xx_rcc.c 0x00000000   Number         0  stm32f4xx_rcc.o ABSOLUTE
    STM32F4xx_StdPeriph_Driver\src\stm32f4xx_rtc.c 0x00000000   Number         0  stm32f4xx_rtc.o ABSOLUTE
    STM32F4xx_StdPeriph_Driver\src\stm32f4xx_syscfg.c 0x00000000   Number         0  stm32f4xx_syscfg.o ABSOLUTE
    STM32F4xx_StdPeriph_Driver\src\stm32f4xx_tim.c 0x00000000   Number         0  stm32f4xx_tim.o ABSOLUTE
    STM32F4xx_StdPeriph_Driver\src\stm32f4xx_usart.c 0x00000000   Number         0  stm32f4xx_usart.o ABSOLUTE
    dc.s                                     0x00000000   Number         0  dc.o ABSOLUTE
    main_official.c                          0x00000000   Number         0  main_official.o ABSOLUTE
    main_official.c                          0x00000000   Number         0  main_official.o ABSOLUTE
    startup_stm32f40_41xxx.s                 0x00000000   Number         0  startup_stm32f40_41xxx.o ABSOLUTE
    system_stm32f4xx.c                       0x00000000   Number         0  system_stm32f4xx.o ABSOLUTE
    system_stm32f4xx.c                       0x00000000   Number         0  system_stm32f4xx.o ABSOLUTE
    system_timetick.c                        0x00000000   Number         0  system_timetick.o ABSOLUTE
    system_timetick.c                        0x00000000   Number         0  system_timetick.o ABSOLUTE
    RESET                                    0x08000000   Section      392  startup_stm32f40_41xxx.o(RESET)
    !!!main                                  0x08000188   Section        8  __main.o(!!!main)
    !!!scatter                               0x08000190   Section       52  __scatter.o(!!!scatter)
    !!handler_copy                           0x080001c4   Section       26  __scatter_copy.o(!!handler_copy)
    !!handler_zi                             0x080001e0   Section       28  __scatter_zi.o(!!handler_zi)
    .ARM.Collect$$libinit$$00000000          0x080001fc   Section        2  libinit.o(.ARM.Collect$$libinit$$00000000)
    .ARM.Collect$$libinit$$00000001          0x080001fe   Section        4  libinit2.o(.ARM.Collect$$libinit$$00000001)
    .ARM.Collect$$libinit$$00000004          0x08000202   Section        0  libinit2.o(.ARM.Collect$$libinit$$00000004)
    .ARM.Collect$$libinit$$00000005          0x08000202   Section        8  libinit2.o(.ARM.Collect$$libinit$$00000005)
    .ARM.Collect$$libinit$$0000000A          0x0800020a   Section        0  libinit2.o(.ARM.Collect$$libinit$$0000000A)
    .ARM.Collect$$libinit$$0000000C          0x0800020a   Section        0  libinit2.o(.ARM.Collect$$libinit$$0000000C)
    .ARM.Collect$$libinit$$0000000E          0x0800020a   Section        0  libinit2.o(.ARM.Collect$$libinit$$0000000E)
    .ARM.Collect$$libinit$$00000011          0x0800020a   Section        0  libinit2.o(.ARM.Collect$$libinit$$00000011)
    .ARM.Collect$$libinit$$00000013          0x0800020a   Section        0  libinit2.o(.ARM.Collect$$libinit$$00000013)
    .ARM.Collect$$libinit$$00000015          0x0800020a   Section        0  libinit2.o(.ARM.Collect$$libinit$$00000015)
    .ARM.Collect$$libinit$$00000017          0x0800020a   Section        0  libinit2.o(.ARM.Collect$$libinit$$00000017)
    .ARM.Collect$$libinit$$00000019          0x0800020a   Section        0  libinit2.o(.ARM.Collect$$libinit$$00000019)
    .ARM.Collect$$libinit$$0000001B          0x0800020a   Section        0  libinit2.o(.ARM.Collect$$libinit$$0000001B)
    .ARM.Collect$$libinit$$0000001D          0x0800020a   Section        0  libinit2.o(.ARM.Collect$$libinit$$0000001D)
    .ARM.Collect$$libinit$$0000001F          0x0800020a   Section        0  libinit2.o(.ARM.Collect$$libinit$$0000001F)
    .ARM.Collect$$libinit$$00000021          0x0800020a   Section        0  libinit2.o(.ARM.Collect$$libinit$$00000021)
    .ARM.Collect$$libinit$$00000023          0x0800020a   Section        0  libinit2.o(.ARM.Collect$$libinit$$00000023)
    .ARM.Collect$$libinit$$00000024          0x0800020a   Section        4  libinit2.o(.ARM.Collect$$libinit$$00000024)
    .ARM.Collect$$libinit$$00000025          0x0800020e   Section        0  libinit2.o(.ARM.Collect$$libinit$$00000025)
    .ARM.Collect$$libinit$$0000002C          0x0800020e   Section        0  libinit2.o(.ARM.Collect$$libinit$$0000002C)
    .ARM.Collect$$libinit$$0000002E          0x0800020e   Section        0  libinit2.o(.ARM.Collect$$libinit$$0000002E)
    .ARM.Collect$$libinit$$00000030          0x0800020e   Section        0  libinit2.o(.ARM.Collect$$libinit$$00000030)
    .ARM.Collect$$libinit$$00000032          0x0800020e   Section        0  libinit2.o(.ARM.Collect$$libinit$$00000032)
    .ARM.Collect$$libinit$$00000033          0x0800020e   Section        2  libinit2.o(.ARM.Collect$$libinit$$00000033)
    .ARM.Collect$$libshutdown$$00000000      0x08000210   Section        2  libshutdown.o(.ARM.Collect$$libshutdown$$00000000)
    .ARM.Collect$$libshutdown$$00000002      0x08000212   Section        0  libshutdown2.o(.ARM.Collect$$libshutdown$$00000002)
    .ARM.Collect$$libshutdown$$00000003      0x08000212   Section        4  libshutdown2.o(.ARM.Collect$$libshutdown$$00000003)
    .ARM.Collect$$libshutdown$$00000004      0x08000216   Section        0  libshutdown2.o(.ARM.Collect$$libshutdown$$00000004)
    .ARM.Collect$$libshutdown$$00000007      0x08000216   Section        0  libshutdown2.o(.ARM.Collect$$libshutdown$$00000007)
    .ARM.Collect$$libshutdown$$0000000A      0x08000216   Section        0  libshutdown2.o(.ARM.Collect$$libshutdown$$0000000A)
    .ARM.Collect$$libshutdown$$0000000C      0x08000216   Section        0  libshutdown2.o(.ARM.Collect$$libshutdown$$0000000C)
    .ARM.Collect$$libshutdown$$0000000F      0x08000216   Section        0  libshutdown2.o(.ARM.Collect$$libshutdown$$0000000F)
    .ARM.Collect$$libshutdown$$00000010      0x08000216   Section        2  libshutdown2.o(.ARM.Collect$$libshutdown$$00000010)
    .ARM.Collect$$rtentry$$00000000          0x08000218   Section        0  __rtentry.o(.ARM.Collect$$rtentry$$00000000)
    .ARM.Collect$$rtentry$$00000002          0x08000218   Section        0  __rtentry2.o(.ARM.Collect$$rtentry$$00000002)
    .ARM.Collect$$rtentry$$00000004          0x08000218   Section        6  __rtentry4.o(.ARM.Collect$$rtentry$$00000004)
    .ARM.Collect$$rtentry$$00000009          0x0800021e   Section        0  __rtentry2.o(.ARM.Collect$$rtentry$$00000009)
    .ARM.Collect$$rtentry$$0000000A          0x0800021e   Section        4  __rtentry2.o(.ARM.Collect$$rtentry$$0000000A)
    .ARM.Collect$$rtentry$$0000000C          0x08000222   Section        0  __rtentry2.o(.ARM.Collect$$rtentry$$0000000C)
    .ARM.Collect$$rtentry$$0000000D          0x08000222   Section        8  __rtentry2.o(.ARM.Collect$$rtentry$$0000000D)
    .ARM.Collect$$rtexit$$00000000           0x0800022a   Section        2  rtexit.o(.ARM.Collect$$rtexit$$00000000)
    .ARM.Collect$$rtexit$$00000002           0x0800022c   Section        0  rtexit2.o(.ARM.Collect$$rtexit$$00000002)
    .ARM.Collect$$rtexit$$00000003           0x0800022c   Section        4  rtexit2.o(.ARM.Collect$$rtexit$$00000003)
    .ARM.Collect$$rtexit$$00000004           0x08000230   Section        6  rtexit2.o(.ARM.Collect$$rtexit$$00000004)
    .emb_text                                0x08000238   Section        0  maybetermalloc1.o(.emb_text)
    .text                                    0x08000238   Section       64  startup_stm32f40_41xxx.o(.text)
    $v0                                      0x08000238   Number         0  startup_stm32f40_41xxx.o(.text)
    .text                                    0x08000278   Section        0  calloc.o(.text)
    .text                                    0x080002a0   Section        0  h1_free.o(.text)
    .text                                    0x080002f0   Section        0  noretval__2printf.o(.text)
    .text                                    0x08000308   Section        0  heapauxi.o(.text)
    .text                                    0x08000310   Section        8  rt_heap_descriptor_intlibspace.o(.text)
    .text                                    0x08000318   Section        0  hguard.o(.text)
    .text                                    0x0800031c   Section        0  init_alloc.o(.text)
    .text                                    0x080003a6   Section        0  h1_alloc.o(.text)
    .text                                    0x08000404   Section        0  _printf_char_file.o(.text)
    .text                                    0x08000428   Section       68  rt_memclr.o(.text)
    .text                                    0x0800046c   Section        8  libspace.o(.text)
    .text                                    0x08000474   Section        0  h1_init.o(.text)
    .text                                    0x08000482   Section        0  h1_extend.o(.text)
    .text                                    0x080004b8   Section        0  _printf_char_common.o(.text)
    _printf_input_char                       0x080004b9   Thumb Code    10  _printf_char_common.o(.text)
    .text                                    0x080004e8   Section        0  ferror.o(.text)
    .text                                    0x080004f0   Section        0  initio.o(.text)
    .text                                    0x08000628   Section        0  defsig_rtmem_outer.o(.text)
    .text                                    0x08000636   Section       78  rt_memclr_w.o(.text)
    .text                                    0x08000684   Section        0  sys_io.o(.text)
    .text                                    0x080006ea   Section       74  sys_stackheap_outer.o(.text)
    .text                                    0x08000734   Section        0  __printf_nopercent.o(.text)
    .text                                    0x0800075c   Section        0  flsbuf.o(.text)
    .text                                    0x08000932   Section        0  setvbuf.o(.text)
    .text                                    0x08000978   Section        0  fopen.o(.text)
    _freopen_locked                          0x08000979   Thumb Code     0  fopen.o(.text)
    .text                                    0x08000a64   Section        0  fclose.o(.text)
    .text                                    0x08000ab0   Section        0  exit.o(.text)
    .text                                    0x08000ac2   Section        0  defsig_exit.o(.text)
    .text                                    0x08000acc   Section        0  defsig_rtred_outer.o(.text)
    .text                                    0x08000adc   Section        0  defsig_rtmem_inner.o(.text)
    .text                                    0x08000b2c   Section        0  sys_exit.o(.text)
    .text                                    0x08000b38   Section        2  use_no_semi.o(.text)
    .text                                    0x08000b3a   Section        0  indicate_semi.o(.text)
    .text                                    0x08000b3c   Section        0  fseek.o(.text)
    .text                                    0x08000c34   Section        0  stdio.o(.text)
    .text                                    0x08000d24   Section        0  defsig_general.o(.text)
    .text                                    0x08000d58   Section        0  defsig_rtred_inner.o(.text)
    .text                                    0x08000d8c   Section        0  strlen.o(.text)
    .text                                    0x08000dca   Section        0  sys_wrch.o(.text)
    .text                                    0x08000dd8   Section        0  ftell.o(.text)
    .text                                    0x08000e1c   Section        8  rt_errno_addr_intlibspace.o(.text)
    i.BusFault_Handler                       0x08000e24   Section        0  system_timetick.o(i.BusFault_Handler)
    i.DMA1_Stream2_IRQHandler                0x08000e28   Section        0  main_official.o(i.DMA1_Stream2_IRQHandler)
    i.DMA_ClearFlag                          0x08000fd0   Section        0  stm32f4xx_dma.o(i.DMA_ClearFlag)
    i.DMA_ClearITPendingBit                  0x08001004   Section        0  stm32f4xx_dma.o(i.DMA_ClearITPendingBit)
    i.DMA_Cmd                                0x08001038   Section        0  stm32f4xx_dma.o(i.DMA_Cmd)
    i.DMA_Init                               0x08001050   Section        0  stm32f4xx_dma.o(i.DMA_Init)
    i.DebugMon_Handler                       0x080010a8   Section        0  system_timetick.o(i.DebugMon_Handler)
    i.E_Read                                 0x080010aa   Section        0  main_official.o(i.E_Read)
    i.E_Write                                0x080010d2   Section        0  main_official.o(i.E_Write)
    i.GPIO_Init                              0x080010ee   Section        0  stm32f4xx_gpio.o(i.GPIO_Init)
    i.GPIO_PinAFConfig                       0x0800117e   Section        0  stm32f4xx_gpio.o(i.GPIO_PinAFConfig)
    i.GPIO_ToggleBits                        0x080011c4   Section        0  stm32f4xx_gpio.o(i.GPIO_ToggleBits)
    i.HardFault_Handler                      0x080011cc   Section        0  system_timetick.o(i.HardFault_Handler)
    i.I2C_Cmd                                0x080011d0   Section        0  stm32f4xx_i2c.o(i.I2C_Cmd)
    i.I2C_Init                               0x080011e8   Section        0  stm32f4xx_i2c.o(i.I2C_Init)
    i.I2C_Read                               0x080012d0   Section        0  main_official.o(i.I2C_Read)
    i.I2C_Stop                               0x080013e0   Section        0  main_official.o(i.I2C_Stop)
    i.MemManage_Handler                      0x080013f4   Section        0  system_timetick.o(i.MemManage_Handler)
    i.NMI_Handler                            0x080013f8   Section        0  system_timetick.o(i.NMI_Handler)
    i.NVIC_Init                              0x080013fc   Section        0  misc.o(i.NVIC_Init)
    i.PendSV_Handler                         0x08001474   Section        0  system_timetick.o(i.PendSV_Handler)
    i.RCC_AHB1PeriphClockCmd                 0x08001478   Section        0  stm32f4xx_rcc.o(i.RCC_AHB1PeriphClockCmd)
    i.RCC_APB1PeriphClockCmd                 0x08001498   Section        0  stm32f4xx_rcc.o(i.RCC_APB1PeriphClockCmd)
    i.RCC_GetClocksFreq                      0x080014b8   Section        0  stm32f4xx_rcc.o(i.RCC_GetClocksFreq)
    i.SELEC_dataConvert                      0x080015a0   Section        0  main_official.o(i.SELEC_dataConvert)
    i.SVC_Handler                            0x080015c0   Section        0  system_timetick.o(i.SVC_Handler)
    i.SetSysClock                            0x080015c4   Section        0  system_stm32f4xx.o(i.SetSysClock)
    SetSysClock                              0x080015c5   Thumb Code   220  system_stm32f4xx.o(i.SetSysClock)
    i.SysTick_Handler                        0x080016b0   Section        0  system_timetick.o(i.SysTick_Handler)
    i.SystemInit                             0x080016cc   Section        0  system_stm32f4xx.o(i.SystemInit)
    i.TIM7_IRQHandler                        0x08001734   Section        0  main_official.o(i.TIM7_IRQHandler)
    i.TIM_ClearFlag                          0x08001790   Section        0  stm32f4xx_tim.o(i.TIM_ClearFlag)
    i.TIM_Cmd                                0x08001796   Section        0  stm32f4xx_tim.o(i.TIM_Cmd)
    i.TIM_ITConfig                           0x080017ae   Section        0  stm32f4xx_tim.o(i.TIM_ITConfig)
    i.TIM_TimeBaseInit                       0x080017c0   Section        0  stm32f4xx_tim.o(i.TIM_TimeBaseInit)
    i.USART_Cmd                              0x08001844   Section        0  stm32f4xx_usart.o(i.USART_Cmd)
    i.USART_DMACmd                           0x0800185c   Section        0  stm32f4xx_usart.o(i.USART_DMACmd)
    i.USART_GetFlagStatus                    0x0800186e   Section        0  stm32f4xx_usart.o(i.USART_GetFlagStatus)
    i.USART_Init                             0x08001888   Section        0  stm32f4xx_usart.o(i.USART_Init)
    i.USART_SendData                         0x0800195c   Section        0  stm32f4xx_usart.o(i.USART_SendData)
    i.UsageFault_Handler                     0x08001964   Section        0  system_timetick.o(i.UsageFault_Handler)
    i.delay_01ms                             0x08001968   Section        0  main_official.o(i.delay_01ms)
    i.fputc                                  0x080019b0   Section        0  fputc.o(i.fputc)
    i.get_mess_from_rx                       0x080019cc   Section        0  main_official.o(i.get_mess_from_rx)
    i.i2c_sendaddress                        0x08001a3c   Section        0  main_official.o(i.i2c_sendaddress)
    i.i2c_start                              0x08001a68   Section        0  main_official.o(i.i2c_start)
    i.i2c_write                              0x08001a84   Section        0  main_official.o(i.i2c_write)
    i.init_main                              0x08001aac   Section        0  main_official.o(i.init_main)
    i.main                                   0x08001e34   Section        0  main_official.o(i.main)
    i.print_f                                0x08002030   Section        0  main_official.o(i.print_f)
    x$fpl$fpinit                             0x0800205e   Section       10  fpinit.o(x$fpl$fpinit)
    $v0                                      0x0800205e   Number         0  fpinit.o(x$fpl$fpinit)
    .constdata                               0x08002068   Section        4  sys_io.o(.constdata)
    .constdata                               0x0800206c   Section        4  sys_io.o(.constdata)
    .constdata                               0x08002070   Section        4  sys_io.o(.constdata)
    .data                                    0x20000000   Section        8  system_timetick.o(.data)
    .data                                    0x20000008   Section       14  main_official.o(.data)
    .data                                    0x20000016   Section       16  stm32f4xx_rcc.o(.data)
    APBAHBPrescTable                         0x20000016   Data          16  stm32f4xx_rcc.o(.data)
    .data                                    0x20000028   Section        4  stdio_streams.o(.data)
    .data                                    0x2000002c   Section        4  stdio_streams.o(.data)
    .data                                    0x20000030   Section        4  stdio_streams.o(.data)
    .bss                                     0x20000034   Section      350  main_official.o(.bss)
    .bss                                     0x20000194   Section       84  stdio_streams.o(.bss)
    .bss                                     0x200001e8   Section       84  stdio_streams.o(.bss)
    .bss                                     0x2000023c   Section       84  stdio_streams.o(.bss)
    .bss                                     0x20000290   Section       96  libspace.o(.bss)
    HEAP                                     0x200002f0   Section      512  startup_stm32f40_41xxx.o(HEAP)
    Heap_Mem                                 0x200002f0   Data         512  startup_stm32f40_41xxx.o(HEAP)
    STACK                                    0x200004f0   Section     1024  startup_stm32f40_41xxx.o(STACK)
    Stack_Mem                                0x200004f0   Data        1024  startup_stm32f40_41xxx.o(STACK)
    __initial_sp                             0x200008f0   Data           0  startup_stm32f40_41xxx.o(STACK)

    Global Symbols

    Symbol Name                              Value     Ov Type        Size  Object(Section)

    BuildAttributes$$THM_ISAv4$E$P$D$K$B$S$7EM$VFPi3$EXTD16$VFPS$VFMA$PE$A:L22UL41UL21$X:L11$S22US41US21$IEEE1$IW$USESV6$~STKCKD$USESV7$~SHL$OTIME$ROPI$EBA8$UX$STANDARDLIB$REQ8$PRES8$EABIv2 0x00000000   Number         0  anon$$obj.o ABSOLUTE
    __ARM_use_no_argv                        0x00000000   Number         0  main_official.o ABSOLUTE
    __ARM_exceptions_init                     - Undefined Weak Reference
    __alloca_initialize                       - Undefined Weak Reference
    __arm_preinit_                            - Undefined Weak Reference
    __cpp_initialize__aeabi_                  - Undefined Weak Reference
    __cxa_finalize                            - Undefined Weak Reference
    __rt_locale                               - Undefined Weak Reference
    __sigvec_lookup                           - Undefined Weak Reference
    __user_heap_extent                        - Undefined Weak Reference
    _atexit_init                              - Undefined Weak Reference
    _call_atexit_fns                          - Undefined Weak Reference
    _clock_init                               - Undefined Weak Reference
    _fp_trap_init                             - Undefined Weak Reference
    _fp_trap_shutdown                         - Undefined Weak Reference
    _get_lc_collate                           - Undefined Weak Reference
    _get_lc_ctype                             - Undefined Weak Reference
    _get_lc_monetary                          - Undefined Weak Reference
    _get_lc_numeric                           - Undefined Weak Reference
    _get_lc_time                              - Undefined Weak Reference
    _getenv_init                              - Undefined Weak Reference
    _handle_redirection                       - Undefined Weak Reference
    _mutex_acquire                            - Undefined Weak Reference
    _mutex_free                               - Undefined Weak Reference
    _mutex_release                            - Undefined Weak Reference
    _rand_init                                - Undefined Weak Reference
    _signal_finish                            - Undefined Weak Reference
    _signal_init                              - Undefined Weak Reference
    __Vectors_Size                           0x00000188   Number         0  startup_stm32f40_41xxx.o ABSOLUTE
    __Vectors                                0x08000000   Data           4  startup_stm32f40_41xxx.o(RESET)
    __Vectors_End                            0x08000188   Data           0  startup_stm32f40_41xxx.o(RESET)
    __main                                   0x08000189   Thumb Code     8  __main.o(!!!main)
    __scatterload                            0x08000191   Thumb Code     0  __scatter.o(!!!scatter)
    __scatterload_rt2                        0x08000191   Thumb Code    44  __scatter.o(!!!scatter)
    __scatterload_rt2_thumb_only             0x08000191   Thumb Code     0  __scatter.o(!!!scatter)
    __scatterload_null                       0x0800019f   Thumb Code     0  __scatter.o(!!!scatter)
    __scatterload_copy                       0x080001c5   Thumb Code    26  __scatter_copy.o(!!handler_copy)
    __scatterload_zeroinit                   0x080001e1   Thumb Code    28  __scatter_zi.o(!!handler_zi)
    __rt_lib_init                            0x080001fd   Thumb Code     0  libinit.o(.ARM.Collect$$libinit$$00000000)
    __rt_lib_init_fp_1                       0x080001ff   Thumb Code     0  libinit2.o(.ARM.Collect$$libinit$$00000001)
    __rt_lib_init_heap_2                     0x08000203   Thumb Code     0  libinit2.o(.ARM.Collect$$libinit$$00000005)
    __rt_lib_init_preinit_1                  0x08000203   Thumb Code     0  libinit2.o(.ARM.Collect$$libinit$$00000004)
    __rt_lib_init_atexit_1                   0x0800020b   Thumb Code     0  libinit2.o(.ARM.Collect$$libinit$$0000001B)
    __rt_lib_init_clock_1                    0x0800020b   Thumb Code     0  libinit2.o(.ARM.Collect$$libinit$$00000021)
    __rt_lib_init_fp_trap_1                  0x0800020b   Thumb Code     0  libinit2.o(.ARM.Collect$$libinit$$0000001F)
    __rt_lib_init_getenv_1                   0x0800020b   Thumb Code     0  libinit2.o(.ARM.Collect$$libinit$$00000023)
    __rt_lib_init_heap_1                     0x0800020b   Thumb Code     0  libinit2.o(.ARM.Collect$$libinit$$0000000A)
    __rt_lib_init_lc_collate_1               0x0800020b   Thumb Code     0  libinit2.o(.ARM.Collect$$libinit$$00000011)
    __rt_lib_init_lc_ctype_1                 0x0800020b   Thumb Code     0  libinit2.o(.ARM.Collect$$libinit$$00000013)
    __rt_lib_init_lc_monetary_1              0x0800020b   Thumb Code     0  libinit2.o(.ARM.Collect$$libinit$$00000015)
    __rt_lib_init_lc_numeric_1               0x0800020b   Thumb Code     0  libinit2.o(.ARM.Collect$$libinit$$00000017)
    __rt_lib_init_lc_time_1                  0x0800020b   Thumb Code     0  libinit2.o(.ARM.Collect$$libinit$$00000019)
    __rt_lib_init_rand_1                     0x0800020b   Thumb Code     0  libinit2.o(.ARM.Collect$$libinit$$0000000E)
    __rt_lib_init_signal_1                   0x0800020b   Thumb Code     0  libinit2.o(.ARM.Collect$$libinit$$0000001D)
    __rt_lib_init_stdio_2                    0x0800020b   Thumb Code     0  libinit2.o(.ARM.Collect$$libinit$$00000024)
    __rt_lib_init_user_alloc_1               0x0800020b   Thumb Code     0  libinit2.o(.ARM.Collect$$libinit$$0000000C)
    __rt_lib_init_alloca_1                   0x0800020f   Thumb Code     0  libinit2.o(.ARM.Collect$$libinit$$0000002E)
    __rt_lib_init_argv_1                     0x0800020f   Thumb Code     0  libinit2.o(.ARM.Collect$$libinit$$0000002C)
    __rt_lib_init_cpp_1                      0x0800020f   Thumb Code     0  libinit2.o(.ARM.Collect$$libinit$$00000032)
    __rt_lib_init_exceptions_1               0x0800020f   Thumb Code     0  libinit2.o(.ARM.Collect$$libinit$$00000030)
    __rt_lib_init_return                     0x0800020f   Thumb Code     0  libinit2.o(.ARM.Collect$$libinit$$00000033)
    __rt_lib_init_stdio_1                    0x0800020f   Thumb Code     0  libinit2.o(.ARM.Collect$$libinit$$00000025)
    __rt_lib_shutdown                        0x08000211   Thumb Code     0  libshutdown.o(.ARM.Collect$$libshutdown$$00000000)
    __rt_lib_shutdown_cpp_1                  0x08000213   Thumb Code     0  libshutdown2.o(.ARM.Collect$$libshutdown$$00000002)
    __rt_lib_shutdown_stdio_2                0x08000213   Thumb Code     0  libshutdown2.o(.ARM.Collect$$libshutdown$$00000003)
    __rt_lib_shutdown_fp_trap_1              0x08000217   Thumb Code     0  libshutdown2.o(.ARM.Collect$$libshutdown$$00000007)
    __rt_lib_shutdown_heap_1                 0x08000217   Thumb Code     0  libshutdown2.o(.ARM.Collect$$libshutdown$$0000000F)
    __rt_lib_shutdown_return                 0x08000217   Thumb Code     0  libshutdown2.o(.ARM.Collect$$libshutdown$$00000010)
    __rt_lib_shutdown_signal_1               0x08000217   Thumb Code     0  libshutdown2.o(.ARM.Collect$$libshutdown$$0000000A)
    __rt_lib_shutdown_stdio_1                0x08000217   Thumb Code     0  libshutdown2.o(.ARM.Collect$$libshutdown$$00000004)
    __rt_lib_shutdown_user_alloc_1           0x08000217   Thumb Code     0  libshutdown2.o(.ARM.Collect$$libshutdown$$0000000C)
    __rt_entry                               0x08000219   Thumb Code     0  __rtentry.o(.ARM.Collect$$rtentry$$00000000)
    __rt_entry_presh_1                       0x08000219   Thumb Code     0  __rtentry2.o(.ARM.Collect$$rtentry$$00000002)
    __rt_entry_sh                            0x08000219   Thumb Code     0  __rtentry4.o(.ARM.Collect$$rtentry$$00000004)
    __rt_entry_li                            0x0800021f   Thumb Code     0  __rtentry2.o(.ARM.Collect$$rtentry$$0000000A)
    __rt_entry_postsh_1                      0x0800021f   Thumb Code     0  __rtentry2.o(.ARM.Collect$$rtentry$$00000009)
    __rt_entry_main                          0x08000223   Thumb Code     0  __rtentry2.o(.ARM.Collect$$rtentry$$0000000D)
    __rt_entry_postli_1                      0x08000223   Thumb Code     0  __rtentry2.o(.ARM.Collect$$rtentry$$0000000C)
    __rt_exit                                0x0800022b   Thumb Code     0  rtexit.o(.ARM.Collect$$rtexit$$00000000)
    __rt_exit_ls                             0x0800022d   Thumb Code     0  rtexit2.o(.ARM.Collect$$rtexit$$00000003)
    __rt_exit_prels_1                        0x0800022d   Thumb Code     0  rtexit2.o(.ARM.Collect$$rtexit$$00000002)
    __rt_exit_exit                           0x08000231   Thumb Code     0  rtexit2.o(.ARM.Collect$$rtexit$$00000004)
    Reset_Handler                            0x08000239   Thumb Code     8  startup_stm32f40_41xxx.o(.text)
    _maybe_terminate_alloc                   0x08000239   Thumb Code     0  maybetermalloc1.o(.emb_text)
    ADC_IRQHandler                           0x08000253   Thumb Code     0  startup_stm32f40_41xxx.o(.text)
    CAN1_RX0_IRQHandler                      0x08000253   Thumb Code     0  startup_stm32f40_41xxx.o(.text)
    CAN1_RX1_IRQHandler                      0x08000253   Thumb Code     0  startup_stm32f40_41xxx.o(.text)
    CAN1_SCE_IRQHandler                      0x08000253   Thumb Code     0  startup_stm32f40_41xxx.o(.text)
    CAN1_TX_IRQHandler                       0x08000253   Thumb Code     0  startup_stm32f40_41xxx.o(.text)
    CAN2_RX0_IRQHandler                      0x08000253   Thumb Code     0  startup_stm32f40_41xxx.o(.text)
    CAN2_RX1_IRQHandler                      0x08000253   Thumb Code     0  startup_stm32f40_41xxx.o(.text)
    CAN2_SCE_IRQHandler                      0x08000253   Thumb Code     0  startup_stm32f40_41xxx.o(.text)
    CAN2_TX_IRQHandler                       0x08000253   Thumb Code     0  startup_stm32f40_41xxx.o(.text)
    CRYP_IRQHandler                          0x08000253   Thumb Code     0  startup_stm32f40_41xxx.o(.text)
    DCMI_IRQHandler                          0x08000253   Thumb Code     0  startup_stm32f40_41xxx.o(.text)
    DMA1_Stream0_IRQHandler                  0x08000253   Thumb Code     0  startup_stm32f40_41xxx.o(.text)
    DMA1_Stream1_IRQHandler                  0x08000253   Thumb Code     0  startup_stm32f40_41xxx.o(.text)
    DMA1_Stream3_IRQHandler                  0x08000253   Thumb Code     0  startup_stm32f40_41xxx.o(.text)
    DMA1_Stream4_IRQHandler                  0x08000253   Thumb Code     0  startup_stm32f40_41xxx.o(.text)
    DMA1_Stream5_IRQHandler                  0x08000253   Thumb Code     0  startup_stm32f40_41xxx.o(.text)
    DMA1_Stream6_IRQHandler                  0x08000253   Thumb Code     0  startup_stm32f40_41xxx.o(.text)
    DMA1_Stream7_IRQHandler                  0x08000253   Thumb Code     0  startup_stm32f40_41xxx.o(.text)
    DMA2_Stream0_IRQHandler                  0x08000253   Thumb Code     0  startup_stm32f40_41xxx.o(.text)
    DMA2_Stream1_IRQHandler                  0x08000253   Thumb Code     0  startup_stm32f40_41xxx.o(.text)
    DMA2_Stream2_IRQHandler                  0x08000253   Thumb Code     0  startup_stm32f40_41xxx.o(.text)
    DMA2_Stream3_IRQHandler                  0x08000253   Thumb Code     0  startup_stm32f40_41xxx.o(.text)
    DMA2_Stream4_IRQHandler                  0x08000253   Thumb Code     0  startup_stm32f40_41xxx.o(.text)
    DMA2_Stream5_IRQHandler                  0x08000253   Thumb Code     0  startup_stm32f40_41xxx.o(.text)
    DMA2_Stream6_IRQHandler                  0x08000253   Thumb Code     0  startup_stm32f40_41xxx.o(.text)
    DMA2_Stream7_IRQHandler                  0x08000253   Thumb Code     0  startup_stm32f40_41xxx.o(.text)
    ETH_IRQHandler                           0x08000253   Thumb Code     0  startup_stm32f40_41xxx.o(.text)
    ETH_WKUP_IRQHandler                      0x08000253   Thumb Code     0  startup_stm32f40_41xxx.o(.text)
    EXTI0_IRQHandler                         0x08000253   Thumb Code     0  startup_stm32f40_41xxx.o(.text)
    EXTI15_10_IRQHandler                     0x08000253   Thumb Code     0  startup_stm32f40_41xxx.o(.text)
    EXTI1_IRQHandler                         0x08000253   Thumb Code     0  startup_stm32f40_41xxx.o(.text)
    EXTI2_IRQHandler                         0x08000253   Thumb Code     0  startup_stm32f40_41xxx.o(.text)
    EXTI3_IRQHandler                         0x08000253   Thumb Code     0  startup_stm32f40_41xxx.o(.text)
    EXTI4_IRQHandler                         0x08000253   Thumb Code     0  startup_stm32f40_41xxx.o(.text)
    EXTI9_5_IRQHandler                       0x08000253   Thumb Code     0  startup_stm32f40_41xxx.o(.text)
    FLASH_IRQHandler                         0x08000253   Thumb Code     0  startup_stm32f40_41xxx.o(.text)
    FPU_IRQHandler                           0x08000253   Thumb Code     0  startup_stm32f40_41xxx.o(.text)
    FSMC_IRQHandler                          0x08000253   Thumb Code     0  startup_stm32f40_41xxx.o(.text)
    HASH_RNG_IRQHandler                      0x08000253   Thumb Code     0  startup_stm32f40_41xxx.o(.text)
    I2C1_ER_IRQHandler                       0x08000253   Thumb Code     0  startup_stm32f40_41xxx.o(.text)
    I2C1_EV_IRQHandler                       0x08000253   Thumb Code     0  startup_stm32f40_41xxx.o(.text)
    I2C2_ER_IRQHandler                       0x08000253   Thumb Code     0  startup_stm32f40_41xxx.o(.text)
    I2C2_EV_IRQHandler                       0x08000253   Thumb Code     0  startup_stm32f40_41xxx.o(.text)
    I2C3_ER_IRQHandler                       0x08000253   Thumb Code     0  startup_stm32f40_41xxx.o(.text)
    I2C3_EV_IRQHandler                       0x08000253   Thumb Code     0  startup_stm32f40_41xxx.o(.text)
    OTG_FS_IRQHandler                        0x08000253   Thumb Code     0  startup_stm32f40_41xxx.o(.text)
    OTG_FS_WKUP_IRQHandler                   0x08000253   Thumb Code     0  startup_stm32f40_41xxx.o(.text)
    OTG_HS_EP1_IN_IRQHandler                 0x08000253   Thumb Code     0  startup_stm32f40_41xxx.o(.text)
    OTG_HS_EP1_OUT_IRQHandler                0x08000253   Thumb Code     0  startup_stm32f40_41xxx.o(.text)
    OTG_HS_IRQHandler                        0x08000253   Thumb Code     0  startup_stm32f40_41xxx.o(.text)
    OTG_HS_WKUP_IRQHandler                   0x08000253   Thumb Code     0  startup_stm32f40_41xxx.o(.text)
    PVD_IRQHandler                           0x08000253   Thumb Code     0  startup_stm32f40_41xxx.o(.text)
    RCC_IRQHandler                           0x08000253   Thumb Code     0  startup_stm32f40_41xxx.o(.text)
    RTC_Alarm_IRQHandler                     0x08000253   Thumb Code     0  startup_stm32f40_41xxx.o(.text)
    RTC_WKUP_IRQHandler                      0x08000253   Thumb Code     0  startup_stm32f40_41xxx.o(.text)
    SDIO_IRQHandler                          0x08000253   Thumb Code     0  startup_stm32f40_41xxx.o(.text)
    SPI1_IRQHandler                          0x08000253   Thumb Code     0  startup_stm32f40_41xxx.o(.text)
    SPI2_IRQHandler                          0x08000253   Thumb Code     0  startup_stm32f40_41xxx.o(.text)
    SPI3_IRQHandler                          0x08000253   Thumb Code     0  startup_stm32f40_41xxx.o(.text)
    TAMP_STAMP_IRQHandler                    0x08000253   Thumb Code     0  startup_stm32f40_41xxx.o(.text)
    TIM1_BRK_TIM9_IRQHandler                 0x08000253   Thumb Code     0  startup_stm32f40_41xxx.o(.text)
    TIM1_CC_IRQHandler                       0x08000253   Thumb Code     0  startup_stm32f40_41xxx.o(.text)
    TIM1_TRG_COM_TIM11_IRQHandler            0x08000253   Thumb Code     0  startup_stm32f40_41xxx.o(.text)
    TIM1_UP_TIM10_IRQHandler                 0x08000253   Thumb Code     0  startup_stm32f40_41xxx.o(.text)
    TIM2_IRQHandler                          0x08000253   Thumb Code     0  startup_stm32f40_41xxx.o(.text)
    TIM3_IRQHandler                          0x08000253   Thumb Code     0  startup_stm32f40_41xxx.o(.text)
    TIM4_IRQHandler                          0x08000253   Thumb Code     0  startup_stm32f40_41xxx.o(.text)
    TIM5_IRQHandler                          0x08000253   Thumb Code     0  startup_stm32f40_41xxx.o(.text)
    TIM6_DAC_IRQHandler                      0x08000253   Thumb Code     0  startup_stm32f40_41xxx.o(.text)
    TIM8_BRK_TIM12_IRQHandler                0x08000253   Thumb Code     0  startup_stm32f40_41xxx.o(.text)
    TIM8_CC_IRQHandler                       0x08000253   Thumb Code     0  startup_stm32f40_41xxx.o(.text)
    TIM8_TRG_COM_TIM14_IRQHandler            0x08000253   Thumb Code     0  startup_stm32f40_41xxx.o(.text)
    TIM8_UP_TIM13_IRQHandler                 0x08000253   Thumb Code     0  startup_stm32f40_41xxx.o(.text)
    UART4_IRQHandler                         0x08000253   Thumb Code     0  startup_stm32f40_41xxx.o(.text)
    UART5_IRQHandler                         0x08000253   Thumb Code     0  startup_stm32f40_41xxx.o(.text)
    USART1_IRQHandler                        0x08000253   Thumb Code     0  startup_stm32f40_41xxx.o(.text)
    USART2_IRQHandler                        0x08000253   Thumb Code     0  startup_stm32f40_41xxx.o(.text)
    USART3_IRQHandler                        0x08000253   Thumb Code     0  startup_stm32f40_41xxx.o(.text)
    USART6_IRQHandler                        0x08000253   Thumb Code     0  startup_stm32f40_41xxx.o(.text)
    WWDG_IRQHandler                          0x08000253   Thumb Code     0  startup_stm32f40_41xxx.o(.text)
    __user_initial_stackheap                 0x08000255   Thumb Code     0  startup_stm32f40_41xxx.o(.text)
    calloc                                   0x08000279   Thumb Code    40  calloc.o(.text)
    free                                     0x080002a1   Thumb Code    78  h1_free.o(.text)
    __2printf                                0x080002f1   Thumb Code    20  noretval__2printf.o(.text)
    __use_two_region_memory                  0x08000309   Thumb Code     2  heapauxi.o(.text)
    __rt_heap_escrow                         0x0800030b   Thumb Code     2  heapauxi.o(.text)
    __rt_heap_expand                         0x0800030d   Thumb Code     2  heapauxi.o(.text)
    __rt_heap_descriptor                     0x08000311   Thumb Code     8  rt_heap_descriptor_intlibspace.o(.text)
    __use_no_heap                            0x08000319   Thumb Code     2  hguard.o(.text)
    __heap$guard                             0x0800031b   Thumb Code     2  hguard.o(.text)
    _terminate_user_alloc                    0x0800031d   Thumb Code     2  init_alloc.o(.text)
    _init_user_alloc                         0x0800031f   Thumb Code     2  init_alloc.o(.text)
    __Heap_Full                              0x08000321   Thumb Code    34  init_alloc.o(.text)
    __Heap_Broken                            0x08000343   Thumb Code     6  init_alloc.o(.text)
    _init_alloc                              0x08000349   Thumb Code    94  init_alloc.o(.text)
    malloc                                   0x080003a7   Thumb Code    94  h1_alloc.o(.text)
    _printf_char_file                        0x08000405   Thumb Code    32  _printf_char_file.o(.text)
    __aeabi_memclr                           0x08000429   Thumb Code     0  rt_memclr.o(.text)
    __rt_memclr                              0x08000429   Thumb Code    68  rt_memclr.o(.text)
    _memset                                  0x0800042d   Thumb Code     0  rt_memclr.o(.text)
    __user_libspace                          0x0800046d   Thumb Code     8  libspace.o(.text)
    __user_perproc_libspace                  0x0800046d   Thumb Code     0  libspace.o(.text)
    __user_perthread_libspace                0x0800046d   Thumb Code     0  libspace.o(.text)
    __Heap_Initialize                        0x08000475   Thumb Code    10  h1_init.o(.text)
    __Heap_DescSize                          0x0800047f   Thumb Code     4  h1_init.o(.text)
    __Heap_ProvideMemory                     0x08000483   Thumb Code    52  h1_extend.o(.text)
    _printf_char_common                      0x080004c3   Thumb Code    32  _printf_char_common.o(.text)
    ferror                                   0x080004e9   Thumb Code     8  ferror.o(.text)
    _initio                                  0x080004f1   Thumb Code   210  initio.o(.text)
    _terminateio                             0x080005c3   Thumb Code    56  initio.o(.text)
    __rt_SIGRTMEM                            0x08000629   Thumb Code    14  defsig_rtmem_outer.o(.text)
    __aeabi_memclr4                          0x08000637   Thumb Code     0  rt_memclr_w.o(.text)
    __aeabi_memclr8                          0x08000637   Thumb Code     0  rt_memclr_w.o(.text)
    __rt_memclr_w                            0x08000637   Thumb Code    78  rt_memclr_w.o(.text)
    _memset_w                                0x0800063b   Thumb Code     0  rt_memclr_w.o(.text)
    _sys_open                                0x08000685   Thumb Code    20  sys_io.o(.text)
    _sys_close                               0x08000699   Thumb Code    12  sys_io.o(.text)
    _sys_write                               0x080006a5   Thumb Code    16  sys_io.o(.text)
    _sys_read                                0x080006b5   Thumb Code    14  sys_io.o(.text)
    _sys_istty                               0x080006c3   Thumb Code    12  sys_io.o(.text)
    _sys_seek                                0x080006cf   Thumb Code    14  sys_io.o(.text)
    _sys_ensure                              0x080006dd   Thumb Code     2  sys_io.o(.text)
    _sys_flen                                0x080006df   Thumb Code    12  sys_io.o(.text)
    __user_setup_stackheap                   0x080006eb   Thumb Code    74  sys_stackheap_outer.o(.text)
    __printf                                 0x08000735   Thumb Code    40  __printf_nopercent.o(.text)
    __flsbuf                                 0x0800075d   Thumb Code   470  flsbuf.o(.text)
    __flsbuf_byte                            0x0800075d   Thumb Code     0  flsbuf.o(.text)
    __flsbuf_wide                            0x0800075d   Thumb Code     0  flsbuf.o(.text)
    setvbuf                                  0x08000933   Thumb Code    70  setvbuf.o(.text)
    freopen                                  0x08000979   Thumb Code   158  fopen.o(.text)
    fopen                                    0x08000a17   Thumb Code    74  fopen.o(.text)
    _fclose_internal                         0x08000a65   Thumb Code    76  fclose.o(.text)
    fclose                                   0x08000a65   Thumb Code     0  fclose.o(.text)
    exit                                     0x08000ab1   Thumb Code    18  exit.o(.text)
    __sig_exit                               0x08000ac3   Thumb Code    10  defsig_exit.o(.text)
    __rt_SIGRTRED                            0x08000acd   Thumb Code    14  defsig_rtred_outer.o(.text)
    __rt_SIGRTMEM_inner                      0x08000add   Thumb Code    22  defsig_rtmem_inner.o(.text)
    _sys_exit                                0x08000b2d   Thumb Code     8  sys_exit.o(.text)
    __I$use$semihosting                      0x08000b39   Thumb Code     0  use_no_semi.o(.text)
    __use_no_semihosting_swi                 0x08000b39   Thumb Code     2  use_no_semi.o(.text)
    __semihosting_library_function           0x08000b3b   Thumb Code     0  indicate_semi.o(.text)
    _fseek                                   0x08000b3d   Thumb Code   242  fseek.o(.text)
    fseek                                    0x08000b3d   Thumb Code     0  fseek.o(.text)
    _seterr                                  0x08000c35   Thumb Code    20  stdio.o(.text)
    _writebuf                                0x08000c49   Thumb Code    84  stdio.o(.text)
    _fflush                                  0x08000c9d   Thumb Code    70  stdio.o(.text)
    _deferredlazyseek                        0x08000ce3   Thumb Code    60  stdio.o(.text)
    __default_signal_display                 0x08000d25   Thumb Code    50  defsig_general.o(.text)
    __rt_SIGRTRED_inner                      0x08000d59   Thumb Code    14  defsig_rtred_inner.o(.text)
    strlen                                   0x08000d8d   Thumb Code    62  strlen.o(.text)
    _ttywrch                                 0x08000dcb   Thumb Code    14  sys_wrch.o(.text)
    _ftell_internal                          0x08000dd9   Thumb Code    66  ftell.o(.text)
    ftell                                    0x08000dd9   Thumb Code     0  ftell.o(.text)
    __aeabi_errno_addr                       0x08000e1d   Thumb Code     8  rt_errno_addr_intlibspace.o(.text)
    __errno$intlibspace                      0x08000e1d   Thumb Code     0  rt_errno_addr_intlibspace.o(.text)
    __rt_errno_addr$intlibspace              0x08000e1d   Thumb Code     0  rt_errno_addr_intlibspace.o(.text)
    BusFault_Handler                         0x08000e25   Thumb Code     4  system_timetick.o(i.BusFault_Handler)
    DMA1_Stream2_IRQHandler                  0x08000e29   Thumb Code   410  main_official.o(i.DMA1_Stream2_IRQHandler)
    DMA_ClearFlag                            0x08000fd1   Thumb Code    38  stm32f4xx_dma.o(i.DMA_ClearFlag)
    DMA_ClearITPendingBit                    0x08001005   Thumb Code    38  stm32f4xx_dma.o(i.DMA_ClearITPendingBit)
    DMA_Cmd                                  0x08001039   Thumb Code    22  stm32f4xx_dma.o(i.DMA_Cmd)
    DMA_Init                                 0x08001051   Thumb Code    82  stm32f4xx_dma.o(i.DMA_Init)
    DebugMon_Handler                         0x080010a9   Thumb Code     2  system_timetick.o(i.DebugMon_Handler)
    E_Read                                   0x080010ab   Thumb Code    40  main_official.o(i.E_Read)
    E_Write                                  0x080010d3   Thumb Code    28  main_official.o(i.E_Write)
    GPIO_Init                                0x080010ef   Thumb Code   144  stm32f4xx_gpio.o(i.GPIO_Init)
    GPIO_PinAFConfig                         0x0800117f   Thumb Code    70  stm32f4xx_gpio.o(i.GPIO_PinAFConfig)
    GPIO_ToggleBits                          0x080011c5   Thumb Code     8  stm32f4xx_gpio.o(i.GPIO_ToggleBits)
    HardFault_Handler                        0x080011cd   Thumb Code     4  system_timetick.o(i.HardFault_Handler)
    I2C_Cmd                                  0x080011d1   Thumb Code    24  stm32f4xx_i2c.o(i.I2C_Cmd)
    I2C_Init                                 0x080011e9   Thumb Code   218  stm32f4xx_i2c.o(i.I2C_Init)
    I2C_Read                                 0x080012d1   Thumb Code   268  main_official.o(i.I2C_Read)
    I2C_Stop                                 0x080013e1   Thumb Code    14  main_official.o(i.I2C_Stop)
    MemManage_Handler                        0x080013f5   Thumb Code     4  system_timetick.o(i.MemManage_Handler)
    NMI_Handler                              0x080013f9   Thumb Code     2  system_timetick.o(i.NMI_Handler)
    NVIC_Init                                0x080013fd   Thumb Code   106  misc.o(i.NVIC_Init)
    PendSV_Handler                           0x08001475   Thumb Code     2  system_timetick.o(i.PendSV_Handler)
    RCC_AHB1PeriphClockCmd                   0x08001479   Thumb Code    26  stm32f4xx_rcc.o(i.RCC_AHB1PeriphClockCmd)
    RCC_APB1PeriphClockCmd                   0x08001499   Thumb Code    26  stm32f4xx_rcc.o(i.RCC_APB1PeriphClockCmd)
    RCC_GetClocksFreq                        0x080014b9   Thumb Code   214  stm32f4xx_rcc.o(i.RCC_GetClocksFreq)
    SELEC_dataConvert                        0x080015a1   Thumb Code    32  main_official.o(i.SELEC_dataConvert)
    SVC_Handler                              0x080015c1   Thumb Code     2  system_timetick.o(i.SVC_Handler)
    SysTick_Handler                          0x080016b1   Thumb Code    18  system_timetick.o(i.SysTick_Handler)
    SystemInit                               0x080016cd   Thumb Code    88  system_stm32f4xx.o(i.SystemInit)
    TIM7_IRQHandler                          0x08001735   Thumb Code    74  main_official.o(i.TIM7_IRQHandler)
    TIM_ClearFlag                            0x08001791   Thumb Code     6  stm32f4xx_tim.o(i.TIM_ClearFlag)
    TIM_Cmd                                  0x08001797   Thumb Code    24  stm32f4xx_tim.o(i.TIM_Cmd)
    TIM_ITConfig                             0x080017af   Thumb Code    18  stm32f4xx_tim.o(i.TIM_ITConfig)
    TIM_TimeBaseInit                         0x080017c1   Thumb Code   104  stm32f4xx_tim.o(i.TIM_TimeBaseInit)
    USART_Cmd                                0x08001845   Thumb Code    24  stm32f4xx_usart.o(i.USART_Cmd)
    USART_DMACmd                             0x0800185d   Thumb Code    18  stm32f4xx_usart.o(i.USART_DMACmd)
    USART_GetFlagStatus                      0x0800186f   Thumb Code    26  stm32f4xx_usart.o(i.USART_GetFlagStatus)
    USART_Init                               0x08001889   Thumb Code   204  stm32f4xx_usart.o(i.USART_Init)
    USART_SendData                           0x0800195d   Thumb Code     8  stm32f4xx_usart.o(i.USART_SendData)
    UsageFault_Handler                       0x08001965   Thumb Code     4  system_timetick.o(i.UsageFault_Handler)
    delay_01ms                               0x08001969   Thumb Code    66  main_official.o(i.delay_01ms)
    fputc                                    0x080019b1   Thumb Code    26  fputc.o(i.fputc)
    get_mess_from_rx                         0x080019cd   Thumb Code    98  main_official.o(i.get_mess_from_rx)
    i2c_sendaddress                          0x08001a3d   Thumb Code    38  main_official.o(i.i2c_sendaddress)
    i2c_start                                0x08001a69   Thumb Code    24  main_official.o(i.i2c_start)
    i2c_write                                0x08001a85   Thumb Code    36  main_official.o(i.i2c_write)
    init_main                                0x08001aad   Thumb Code   850  main_official.o(i.init_main)
    main                                     0x08001e35   Thumb Code   250  main_official.o(i.main)
    print_f                                  0x08002031   Thumb Code    46  main_official.o(i.print_f)
    _fp_init                                 0x0800205f   Thumb Code    10  fpinit.o(x$fpl$fpinit)
    __fplib_config_fpu_vfp                   0x08002067   Thumb Code     0  fpinit.o(x$fpl$fpinit)
    __fplib_config_pureend_doubles           0x08002067   Thumb Code     0  fpinit.o(x$fpl$fpinit)
    __stdin_name                             0x08002068   Data           4  sys_io.o(.constdata)
    __stdout_name                            0x0800206c   Data           4  sys_io.o(.constdata)
    __stderr_name                            0x08002070   Data           4  sys_io.o(.constdata)
    Region$$Table$$Base                      0x08002074   Number         0  anon$$obj.o(Region$$Table)
    Region$$Table$$Limit                     0x08002094   Number         0  anon$$obj.o(Region$$Table)
    tick_count                               0x20000000   Data           4  system_timetick.o(.data)
    tick_flag                                0x20000004   Data           4  system_timetick.o(.data)
    txbuff                                   0x20000008   Data           8  main_official.o(.data)
    receive_data                             0x20000010   Data           1  main_official.o(.data)
    pre_NDTR                                 0x20000012   Data           2  main_official.o(.data)
    Timingdelay                              0x20000014   Data           2  main_official.o(.data)
    __aeabi_stdin                            0x20000028   Data           4  stdio_streams.o(.data)
    __aeabi_stdout                           0x2000002c   Data           4  stdio_streams.o(.data)
    __aeabi_stderr                           0x20000030   Data           4  stdio_streams.o(.data)
    rxbuff                                   0x20000034   Data         100  main_official.o(.bss)
    rxbuff_3                                 0x20000098   Data         125  main_official.o(.bss)
    receive_eeprom                           0x20000115   Data         125  main_official.o(.bss)
    __stdin                                  0x20000194   Data          84  stdio_streams.o(.bss)
    __stdout                                 0x200001e8   Data          84  stdio_streams.o(.bss)
    __stderr                                 0x2000023c   Data          84  stdio_streams.o(.bss)
    __libspace_start                         0x20000290   Data          96  libspace.o(.bss)
    __temporary_stack_top$libspace           0x200002f0   Data           0  libspace.o(.bss)



==============================================================================

Memory Map of the image

  Image Entry point : 0x08000239

  Load Region LR_1 (Base: 0x08000000, Size: 0x000020c8, Max: 0xffffffff, ABSOLUTE)

    Execution Region ER_RO (Exec base: 0x08000000, Load base: 0x08000000, Size: 0x00002094, Max: 0xffffffff, ABSOLUTE)

    Exec Addr    Load Addr    Size         Type   Attr      Idx    E Section Name        Object

    0x08000000   0x08000000   0x00000188   Data   RO            3    RESET               startup_stm32f40_41xxx.o
    0x08000188   0x08000188   0x00000008   Code   RO         2920  * !!!main             c_w.l(__main.o)
    0x08000190   0x08000190   0x00000034   Code   RO         3214    !!!scatter          c_w.l(__scatter.o)
    0x080001c4   0x080001c4   0x0000001a   Code   RO         3216    !!handler_copy      c_w.l(__scatter_copy.o)
    0x080001de   0x080001de   0x00000002   PAD
    0x080001e0   0x080001e0   0x0000001c   Code   RO         3218    !!handler_zi        c_w.l(__scatter_zi.o)
    0x080001fc   0x080001fc   0x00000002   Code   RO         3111    .ARM.Collect$$libinit$$00000000  c_w.l(libinit.o)
    0x080001fe   0x080001fe   0x00000004   Code   RO         3019    .ARM.Collect$$libinit$$00000001  c_w.l(libinit2.o)
    0x08000202   0x08000202   0x00000000   Code   RO         3022    .ARM.Collect$$libinit$$00000004  c_w.l(libinit2.o)
    0x08000202   0x08000202   0x00000008   Code   RO         3023    .ARM.Collect$$libinit$$00000005  c_w.l(libinit2.o)
    0x0800020a   0x0800020a   0x00000000   Code   RO         3025    .ARM.Collect$$libinit$$0000000A  c_w.l(libinit2.o)
    0x0800020a   0x0800020a   0x00000000   Code   RO         3027    .ARM.Collect$$libinit$$0000000C  c_w.l(libinit2.o)
    0x0800020a   0x0800020a   0x00000000   Code   RO         3029    .ARM.Collect$$libinit$$0000000E  c_w.l(libinit2.o)
    0x0800020a   0x0800020a   0x00000000   Code   RO         3032    .ARM.Collect$$libinit$$00000011  c_w.l(libinit2.o)
    0x0800020a   0x0800020a   0x00000000   Code   RO         3034    .ARM.Collect$$libinit$$00000013  c_w.l(libinit2.o)
    0x0800020a   0x0800020a   0x00000000   Code   RO         3036    .ARM.Collect$$libinit$$00000015  c_w.l(libinit2.o)
    0x0800020a   0x0800020a   0x00000000   Code   RO         3038    .ARM.Collect$$libinit$$00000017  c_w.l(libinit2.o)
    0x0800020a   0x0800020a   0x00000000   Code   RO         3040    .ARM.Collect$$libinit$$00000019  c_w.l(libinit2.o)
    0x0800020a   0x0800020a   0x00000000   Code   RO         3042    .ARM.Collect$$libinit$$0000001B  c_w.l(libinit2.o)
    0x0800020a   0x0800020a   0x00000000   Code   RO         3044    .ARM.Collect$$libinit$$0000001D  c_w.l(libinit2.o)
    0x0800020a   0x0800020a   0x00000000   Code   RO         3046    .ARM.Collect$$libinit$$0000001F  c_w.l(libinit2.o)
    0x0800020a   0x0800020a   0x00000000   Code   RO         3048    .ARM.Collect$$libinit$$00000021  c_w.l(libinit2.o)
    0x0800020a   0x0800020a   0x00000000   Code   RO         3050    .ARM.Collect$$libinit$$00000023  c_w.l(libinit2.o)
    0x0800020a   0x0800020a   0x00000004   Code   RO         3051    .ARM.Collect$$libinit$$00000024  c_w.l(libinit2.o)
    0x0800020e   0x0800020e   0x00000000   Code   RO         3052    .ARM.Collect$$libinit$$00000025  c_w.l(libinit2.o)
    0x0800020e   0x0800020e   0x00000000   Code   RO         3056    .ARM.Collect$$libinit$$0000002C  c_w.l(libinit2.o)
    0x0800020e   0x0800020e   0x00000000   Code   RO         3058    .ARM.Collect$$libinit$$0000002E  c_w.l(libinit2.o)
    0x0800020e   0x0800020e   0x00000000   Code   RO         3060    .ARM.Collect$$libinit$$00000030  c_w.l(libinit2.o)
    0x0800020e   0x0800020e   0x00000000   Code   RO         3062    .ARM.Collect$$libinit$$00000032  c_w.l(libinit2.o)
    0x0800020e   0x0800020e   0x00000002   Code   RO         3063    .ARM.Collect$$libinit$$00000033  c_w.l(libinit2.o)
    0x08000210   0x08000210   0x00000002   Code   RO         3211    .ARM.Collect$$libshutdown$$00000000  c_w.l(libshutdown.o)
    0x08000212   0x08000212   0x00000000   Code   RO         3113    .ARM.Collect$$libshutdown$$00000002  c_w.l(libshutdown2.o)
    0x08000212   0x08000212   0x00000004   Code   RO         3114    .ARM.Collect$$libshutdown$$00000003  c_w.l(libshutdown2.o)
    0x08000216   0x08000216   0x00000000   Code   RO         3115    .ARM.Collect$$libshutdown$$00000004  c_w.l(libshutdown2.o)
    0x08000216   0x08000216   0x00000000   Code   RO         3118    .ARM.Collect$$libshutdown$$00000007  c_w.l(libshutdown2.o)
    0x08000216   0x08000216   0x00000000   Code   RO         3121    .ARM.Collect$$libshutdown$$0000000A  c_w.l(libshutdown2.o)
    0x08000216   0x08000216   0x00000000   Code   RO         3123    .ARM.Collect$$libshutdown$$0000000C  c_w.l(libshutdown2.o)
    0x08000216   0x08000216   0x00000000   Code   RO         3126    .ARM.Collect$$libshutdown$$0000000F  c_w.l(libshutdown2.o)
    0x08000216   0x08000216   0x00000002   Code   RO         3127    .ARM.Collect$$libshutdown$$00000010  c_w.l(libshutdown2.o)
    0x08000218   0x08000218   0x00000000   Code   RO         2924    .ARM.Collect$$rtentry$$00000000  c_w.l(__rtentry.o)
    0x08000218   0x08000218   0x00000000   Code   RO         2968    .ARM.Collect$$rtentry$$00000002  c_w.l(__rtentry2.o)
    0x08000218   0x08000218   0x00000006   Code   RO         2980    .ARM.Collect$$rtentry$$00000004  c_w.l(__rtentry4.o)
    0x0800021e   0x0800021e   0x00000000   Code   RO         2970    .ARM.Collect$$rtentry$$00000009  c_w.l(__rtentry2.o)
    0x0800021e   0x0800021e   0x00000004   Code   RO         2971    .ARM.Collect$$rtentry$$0000000A  c_w.l(__rtentry2.o)
    0x08000222   0x08000222   0x00000000   Code   RO         2973    .ARM.Collect$$rtentry$$0000000C  c_w.l(__rtentry2.o)
    0x08000222   0x08000222   0x00000008   Code   RO         2974    .ARM.Collect$$rtentry$$0000000D  c_w.l(__rtentry2.o)
    0x0800022a   0x0800022a   0x00000002   Code   RO         3137    .ARM.Collect$$rtexit$$00000000  c_w.l(rtexit.o)
    0x0800022c   0x0800022c   0x00000000   Code   RO         3170    .ARM.Collect$$rtexit$$00000002  c_w.l(rtexit2.o)
    0x0800022c   0x0800022c   0x00000004   Code   RO         3171    .ARM.Collect$$rtexit$$00000003  c_w.l(rtexit2.o)
    0x08000230   0x08000230   0x00000006   Code   RO         3172    .ARM.Collect$$rtexit$$00000004  c_w.l(rtexit2.o)
    0x08000236   0x08000236   0x00000002   PAD
    0x08000238   0x08000238   0x00000000   Code   RO         2982    .emb_text           c_w.l(maybetermalloc1.o)
    0x08000238   0x08000238   0x00000040   Code   RO            4  * .text               startup_stm32f40_41xxx.o
    0x08000278   0x08000278   0x00000028   Code   RO         2858    .text               c_w.l(calloc.o)
    0x080002a0   0x080002a0   0x0000004e   Code   RO         2860    .text               c_w.l(h1_free.o)
    0x080002ee   0x080002ee   0x00000002   PAD
    0x080002f0   0x080002f0   0x00000018   Code   RO         2916    .text               c_w.l(noretval__2printf.o)
    0x08000308   0x08000308   0x00000006   Code   RO         2918    .text               c_w.l(heapauxi.o)
    0x0800030e   0x0800030e   0x00000002   PAD
    0x08000310   0x08000310   0x00000008   Code   RO         2928    .text               c_w.l(rt_heap_descriptor_intlibspace.o)
    0x08000318   0x08000318   0x00000004   Code   RO         2930    .text               c_w.l(hguard.o)
    0x0800031c   0x0800031c   0x0000008a   Code   RO         2932    .text               c_w.l(init_alloc.o)
    0x080003a6   0x080003a6   0x0000005e   Code   RO         2938    .text               c_w.l(h1_alloc.o)
    0x08000404   0x08000404   0x00000024   Code   RO         2952    .text               c_w.l(_printf_char_file.o)
    0x08000428   0x08000428   0x00000044   Code   RO         2962    .text               c_w.l(rt_memclr.o)
    0x0800046c   0x0800046c   0x00000008   Code   RO         2964    .text               c_w.l(libspace.o)
    0x08000474   0x08000474   0x0000000e   Code   RO         2984    .text               c_w.l(h1_init.o)
    0x08000482   0x08000482   0x00000034   Code   RO         2986    .text               c_w.l(h1_extend.o)
    0x080004b6   0x080004b6   0x00000002   PAD
    0x080004b8   0x080004b8   0x00000030   Code   RO         2992    .text               c_w.l(_printf_char_common.o)
    0x080004e8   0x080004e8   0x00000008   Code   RO         2994    .text               c_w.l(ferror.o)
    0x080004f0   0x080004f0   0x00000138   Code   RO         3000    .text               c_w.l(initio.o)
    0x08000628   0x08000628   0x0000000e   Code   RO         3008    .text               c_w.l(defsig_rtmem_outer.o)
    0x08000636   0x08000636   0x0000004e   Code   RO         3012    .text               c_w.l(rt_memclr_w.o)
    0x08000684   0x08000684   0x00000066   Code   RO         3064    .text               c_w.l(sys_io.o)
    0x080006ea   0x080006ea   0x0000004a   Code   RO         3071    .text               c_w.l(sys_stackheap_outer.o)
    0x08000734   0x08000734   0x00000028   Code   RO         3079    .text               c_w.l(__printf_nopercent.o)
    0x0800075c   0x0800075c   0x000001d6   Code   RO         3081    .text               c_w.l(flsbuf.o)
    0x08000932   0x08000932   0x00000046   Code   RO         3083    .text               c_w.l(setvbuf.o)
    0x08000978   0x08000978   0x000000ec   Code   RO         3086    .text               c_w.l(fopen.o)
    0x08000a64   0x08000a64   0x0000004c   Code   RO         3088    .text               c_w.l(fclose.o)
    0x08000ab0   0x08000ab0   0x00000012   Code   RO         3094    .text               c_w.l(exit.o)
    0x08000ac2   0x08000ac2   0x0000000a   Code   RO         3096    .text               c_w.l(defsig_exit.o)
    0x08000acc   0x08000acc   0x0000000e   Code   RO         3098    .text               c_w.l(defsig_rtred_outer.o)
    0x08000ada   0x08000ada   0x00000002   PAD
    0x08000adc   0x08000adc   0x00000050   Code   RO         3102    .text               c_w.l(defsig_rtmem_inner.o)
    0x08000b2c   0x08000b2c   0x0000000c   Code   RO         3132    .text               c_w.l(sys_exit.o)
    0x08000b38   0x08000b38   0x00000002   Code   RO         3134    .text               c_w.l(use_no_semi.o)
    0x08000b3a   0x08000b3a   0x00000000   Code   RO         3136    .text               c_w.l(indicate_semi.o)
    0x08000b3a   0x08000b3a   0x00000002   PAD
    0x08000b3c   0x08000b3c   0x000000f8   Code   RO         3145    .text               c_w.l(fseek.o)
    0x08000c34   0x08000c34   0x000000f0   Code   RO         3147    .text               c_w.l(stdio.o)
    0x08000d24   0x08000d24   0x00000032   Code   RO         3155    .text               c_w.l(defsig_general.o)
    0x08000d56   0x08000d56   0x00000002   PAD
    0x08000d58   0x08000d58   0x00000034   Code   RO         3157    .text               c_w.l(defsig_rtred_inner.o)
    0x08000d8c   0x08000d8c   0x0000003e   Code   RO         3161    .text               c_w.l(strlen.o)
    0x08000dca   0x08000dca   0x0000000e   Code   RO         3167    .text               c_w.l(sys_wrch.o)
    0x08000dd8   0x08000dd8   0x00000042   Code   RO         3180    .text               c_w.l(ftell.o)
    0x08000e1a   0x08000e1a   0x00000002   PAD
    0x08000e1c   0x08000e1c   0x00000008   Code   RO         3193    .text               c_w.l(rt_errno_addr_intlibspace.o)
    0x08000e24   0x08000e24   0x00000004   Code   RO          158    i.BusFault_Handler  system_timetick.o
    0x08000e28   0x08000e28   0x000001a8   Code   RO          243    i.DMA1_Stream2_IRQHandler  main_official.o
    0x08000fd0   0x08000fd0   0x00000034   Code   RO         1638    i.DMA_ClearFlag     stm32f4xx_dma.o
    0x08001004   0x08001004   0x00000034   Code   RO         1639    i.DMA_ClearITPendingBit  stm32f4xx_dma.o
    0x08001038   0x08001038   0x00000016   Code   RO         1640    i.DMA_Cmd           stm32f4xx_dma.o
    0x0800104e   0x0800104e   0x00000002   PAD
    0x08001050   0x08001050   0x00000058   Code   RO         1652    i.DMA_Init          stm32f4xx_dma.o
    0x080010a8   0x080010a8   0x00000002   Code   RO          159    i.DebugMon_Handler  system_timetick.o
    0x080010aa   0x080010aa   0x00000028   Code   RO          244    i.E_Read            main_official.o
    0x080010d2   0x080010d2   0x0000001c   Code   RO          245    i.E_Write           main_official.o
    0x080010ee   0x080010ee   0x00000090   Code   RO         1489    i.GPIO_Init         stm32f4xx_gpio.o
    0x0800117e   0x0800117e   0x00000046   Code   RO         1490    i.GPIO_PinAFConfig  stm32f4xx_gpio.o
    0x080011c4   0x080011c4   0x00000008   Code   RO         1499    i.GPIO_ToggleBits   stm32f4xx_gpio.o
    0x080011cc   0x080011cc   0x00000004   Code   RO          160    i.HardFault_Handler  system_timetick.o
    0x080011d0   0x080011d0   0x00000018   Code   RO         2544    i.I2C_Cmd           stm32f4xx_i2c.o
    0x080011e8   0x080011e8   0x000000e8   Code   RO         2559    i.I2C_Init          stm32f4xx_i2c.o
    0x080012d0   0x080012d0   0x00000110   Code   RO          246    i.I2C_Read          main_official.o
    0x080013e0   0x080013e0   0x00000014   Code   RO          247    i.I2C_Stop          main_official.o
    0x080013f4   0x080013f4   0x00000004   Code   RO          161    i.MemManage_Handler  system_timetick.o
    0x080013f8   0x080013f8   0x00000002   Code   RO          162    i.NMI_Handler       system_timetick.o
    0x080013fa   0x080013fa   0x00000002   PAD
    0x080013fc   0x080013fc   0x00000078   Code   RO         1590    i.NVIC_Init         misc.o
    0x08001474   0x08001474   0x00000002   Code   RO          163    i.PendSV_Handler    system_timetick.o
    0x08001476   0x08001476   0x00000002   PAD
    0x08001478   0x08001478   0x00000020   Code   RO          878    i.RCC_AHB1PeriphClockCmd  stm32f4xx_rcc.o
    0x08001498   0x08001498   0x00000020   Code   RO          887    i.RCC_APB1PeriphClockCmd  stm32f4xx_rcc.o
    0x080014b8   0x080014b8   0x000000e8   Code   RO          899    i.RCC_GetClocksFreq  stm32f4xx_rcc.o
    0x080015a0   0x080015a0   0x00000020   Code   RO          249    i.SELEC_dataConvert  main_official.o
    0x080015c0   0x080015c0   0x00000002   Code   RO          164    i.SVC_Handler       system_timetick.o
    0x080015c2   0x080015c2   0x00000002   PAD
    0x080015c4   0x080015c4   0x000000ec   Code   RO           13    i.SetSysClock       system_stm32f4xx.o
    0x080016b0   0x080016b0   0x0000001c   Code   RO          165    i.SysTick_Handler   system_timetick.o
    0x080016cc   0x080016cc   0x00000068   Code   RO           15    i.SystemInit        system_stm32f4xx.o
    0x08001734   0x08001734   0x0000005c   Code   RO          250    i.TIM7_IRQHandler   main_official.o
    0x08001790   0x08001790   0x00000006   Code   RO         1981    i.TIM_ClearFlag     stm32f4xx_tim.o
    0x08001796   0x08001796   0x00000018   Code   RO         1987    i.TIM_Cmd           stm32f4xx_tim.o
    0x080017ae   0x080017ae   0x00000012   Code   RO         2012    i.TIM_ITConfig      stm32f4xx_tim.o
    0x080017c0   0x080017c0   0x00000084   Code   RO         2059    i.TIM_TimeBaseInit  stm32f4xx_tim.o
    0x08001844   0x08001844   0x00000018   Code   RO         1300    i.USART_Cmd         stm32f4xx_usart.o
    0x0800185c   0x0800185c   0x00000012   Code   RO         1301    i.USART_DMACmd      stm32f4xx_usart.o
    0x0800186e   0x0800186e   0x0000001a   Code   RO         1303    i.USART_GetFlagStatus  stm32f4xx_usart.o
    0x08001888   0x08001888   0x000000d4   Code   RO         1307    i.USART_Init        stm32f4xx_usart.o
    0x0800195c   0x0800195c   0x00000008   Code   RO         1317    i.USART_SendData    stm32f4xx_usart.o
    0x08001964   0x08001964   0x00000004   Code   RO          166    i.UsageFault_Handler  system_timetick.o
    0x08001968   0x08001968   0x00000048   Code   RO          252    i.delay_01ms        main_official.o
    0x080019b0   0x080019b0   0x0000001a   Code   RO         2997    i.fputc             c_w.l(fputc.o)
    0x080019ca   0x080019ca   0x00000002   PAD
    0x080019cc   0x080019cc   0x00000070   Code   RO          253    i.get_mess_from_rx  main_official.o
    0x08001a3c   0x08001a3c   0x0000002c   Code   RO          254    i.i2c_sendaddress   main_official.o
    0x08001a68   0x08001a68   0x0000001c   Code   RO          255    i.i2c_start         main_official.o
    0x08001a84   0x08001a84   0x00000028   Code   RO          256    i.i2c_write         main_official.o
    0x08001aac   0x08001aac   0x00000388   Code   RO          257    i.init_main         main_official.o
    0x08001e34   0x08001e34   0x000001fc   Code   RO          258    i.main              main_official.o
    0x08002030   0x08002030   0x0000002e   Code   RO          259    i.print_f           main_official.o
    0x0800205e   0x0800205e   0x0000000a   Code   RO         3130    x$fpl$fpinit        fz_wm.l(fpinit.o)
    0x08002068   0x08002068   0x00000004   Data   RO         3065    .constdata          c_w.l(sys_io.o)
    0x0800206c   0x0800206c   0x00000004   Data   RO         3066    .constdata          c_w.l(sys_io.o)
    0x08002070   0x08002070   0x00000004   Data   RO         3067    .constdata          c_w.l(sys_io.o)
    0x08002074   0x08002074   0x00000020   Data   RO         3212    Region$$Table       anon$$obj.o


    Execution Region ER_RW (Exec base: 0x20000000, Load base: 0x08002094, Size: 0x00000034, Max: 0xffffffff, ABSOLUTE)

    Exec Addr    Load Addr    Size         Type   Attr      Idx    E Section Name        Object

    0x20000000   0x08002094   0x00000008   Data   RW          167    .data               system_timetick.o
    0x20000008   0x0800209c   0x0000000e   Data   RW          262    .data               main_official.o
    0x20000016   0x080020aa   0x00000010   Data   RW          930    .data               stm32f4xx_rcc.o
    0x20000026   0x080020ba   0x00000002   PAD
    0x20000028   0x080020bc   0x00000004   Data   RW         2957    .data               c_w.l(stdio_streams.o)
    0x2000002c   0x080020c0   0x00000004   Data   RW         2958    .data               c_w.l(stdio_streams.o)
    0x20000030   0x080020c4   0x00000004   Data   RW         2959    .data               c_w.l(stdio_streams.o)


    Execution Region ER_ZI (Exec base: 0x20000034, Load base: 0x080020c8, Size: 0x000008bc, Max: 0xffffffff, ABSOLUTE)

    Exec Addr    Load Addr    Size         Type   Attr      Idx    E Section Name        Object

    0x20000034        -       0x0000015e   Zero   RW          261    .bss                main_official.o
    0x20000192   0x080020c8   0x00000002   PAD
    0x20000194        -       0x00000054   Zero   RW         2954    .bss                c_w.l(stdio_streams.o)
    0x200001e8        -       0x00000054   Zero   RW         2955    .bss                c_w.l(stdio_streams.o)
    0x2000023c        -       0x00000054   Zero   RW         2956    .bss                c_w.l(stdio_streams.o)
    0x20000290        -       0x00000060   Zero   RW         2965    .bss                c_w.l(libspace.o)
    0x200002f0        -       0x00000200   Zero   RW            2    HEAP                startup_stm32f40_41xxx.o
    0x200004f0        -       0x00000400   Zero   RW            1    STACK               startup_stm32f40_41xxx.o


==============================================================================

Image component sizes


      Code (inc. data)   RO Data    RW Data    ZI Data      Debug   Object Name

      2662        388          0         14        350     293950   main_official.o
       120         14          0          0          0       1188   misc.o
        64         26        392          0       1536        848   startup_stm32f40_41xxx.o
       214         34          0          0          0       3889   stm32f4xx_dma.o
       222          0          0          0          0       2553   stm32f4xx_gpio.o
       256         14          0          0          0     252073   stm32f4xx_i2c.o
       296         30          0         16          0     232874   stm32f4xx_rcc.o
       180         28          0          0          0       3196   stm32f4xx_tim.o
       288          8          0          0          0       4143   stm32f4xx_usart.o
       340         32          0          0          0      66229   system_stm32f4xx.o
        52         10          0          8          0       4209   system_timetick.o

    ----------------------------------------------------------------------
      4702        584        424         40       1888     865152   Object Totals
         0          0         32          0          0          0   (incl. Generated)
         8          0          0          2          2          0   (incl. Padding)

    ----------------------------------------------------------------------

      Code (inc. data)   RO Data    RW Data    ZI Data      Debug   Library Member Name

         8          0          0          0          0         68   __main.o
        40          0          0          0          0         84   __printf_nopercent.o
         0          0          0          0          0          0   __rtentry.o
        12          0          0          0          0          0   __rtentry2.o
         6          0          0          0          0          0   __rtentry4.o
        52          8          0          0          0          0   __scatter.o
        26          0          0          0          0          0   __scatter_copy.o
        28          0          0          0          0          0   __scatter_zi.o
        48          6          0          0          0         96   _printf_char_common.o
        36          4          0          0          0         80   _printf_char_file.o
        40          0          0          0          0         80   calloc.o
        10          0          0          0          0         68   defsig_exit.o
        50          0          0          0          0         88   defsig_general.o
        80         58          0          0          0         76   defsig_rtmem_inner.o
        14          0          0          0          0         80   defsig_rtmem_outer.o
        52         38          0          0          0         76   defsig_rtred_inner.o
        14          0          0          0          0         80   defsig_rtred_outer.o
        18          0          0          0          0         80   exit.o
        76          0          0          0          0         88   fclose.o
         8          0          0          0          0         68   ferror.o
       470          0          0          0          0         88   flsbuf.o
       236          4          0          0          0        128   fopen.o
        26          0          0          0          0         68   fputc.o
       248          6          0          0          0         84   fseek.o
        66          0          0          0          0         76   ftell.o
        94          0          0          0          0         80   h1_alloc.o
        52          0          0          0          0         68   h1_extend.o
        78          0          0          0          0         80   h1_free.o
        14          0          0          0          0         84   h1_init.o
         6          0          0          0          0        152   heapauxi.o
         4          0          0          0          0        136   hguard.o
         0          0          0          0          0          0   indicate_semi.o
       138          0          0          0          0        168   init_alloc.o
       312         46          0          0          0        112   initio.o
         2          0          0          0          0          0   libinit.o
        18          0          0          0          0          0   libinit2.o
         2          0          0          0          0          0   libshutdown.o
         6          0          0          0          0          0   libshutdown2.o
         8          4          0          0         96         68   libspace.o
         0          0          0          0          0          0   maybetermalloc1.o
        24          4          0          0          0         84   noretval__2printf.o
         8          4          0          0          0         68   rt_errno_addr_intlibspace.o
         8          4          0          0          0         68   rt_heap_descriptor_intlibspace.o
        68          0          0          0          0         68   rt_memclr.o
        78          0          0          0          0         80   rt_memclr_w.o
         2          0          0          0          0          0   rtexit.o
        10          0          0          0          0          0   rtexit2.o
        70          0          0          0          0         80   setvbuf.o
       240          6          0          0          0        156   stdio.o
         0          0          0         12        252          0   stdio_streams.o
        62          0          0          0          0         76   strlen.o
        12          4          0          0          0         68   sys_exit.o
       102          0         12          0          0        240   sys_io.o
        74          0          0          0          0         80   sys_stackheap_outer.o
        14          0          0          0          0         76   sys_wrch.o
         2          0          0          0          0         68   use_no_semi.o
        10          0          0          0          0        116   fpinit.o

    ----------------------------------------------------------------------
      3202        196         12         12        348       3832   Library Totals
        20          0          0          0          0          0   (incl. Padding)

    ----------------------------------------------------------------------

      Code (inc. data)   RO Data    RW Data    ZI Data      Debug   Library Name

      3172        196         12         12        348       3716   c_w.l
        10          0          0          0          0        116   fz_wm.l

    ----------------------------------------------------------------------
      3202        196         12         12        348       3832   Library Totals

    ----------------------------------------------------------------------

==============================================================================


      Code (inc. data)   RO Data    RW Data    ZI Data      Debug   

      7904        780        436         52       2236     862808   Grand Totals
      7904        780        436         52       2236     862808   ELF Image Totals
      7904        780        436         52          0          0   ROM Totals

==============================================================================

    Total RO  Size (Code + RO Data)                 8340 (   8.14kB)
    Total RW  Size (RW Data + ZI Data)              2288 (   2.23kB)
    Total ROM Size (Code + RO Data + RW Data)       8392 (   8.20kB)

==============================================================================

